
===========================================================================
report_checks -unconstrained
===========================================================================
======================= Typical Corner ===================================

Startpoint: _311181_ (rising edge-triggered flip-flop clocked by iClock)
Endpoint: _311023_ (rising edge-triggered flip-flop clocked by iClock)
Path Group: iClock
Path Type: max

Fanout     Cap    Slew   Delay    Time   Description
-----------------------------------------------------------------------------
                  0.10    0.00    0.00   clock iClock (rise edge)
                          0.00    0.00   clock network delay (ideal)
                  0.10    0.00    0.00 ^ _311181_/CLK (sky130_fd_sc_hd__dfxtp_1)
     2    0.02    0.17    0.44    0.44 ^ _311181_/Q (sky130_fd_sc_hd__dfxtp_1)
                                         Inst_BCHDecoderControl.Inst_BCHDecoderOutControlCore.Inst_CrcChencker.CRC_mLFSXOR_matrix.i_cur_parity[60] (net)
                  0.17    0.00    0.44 ^ _168068_/B (sky130_fd_sc_hd__xor2_4)
     2    0.02    0.20    0.24    0.68 ^ _168068_/X (sky130_fd_sc_hd__xor2_4)
                                         _050161_ (net)
                  0.20    0.00    0.68 ^ max_cap19444/A (sky130_fd_sc_hd__clkbuf_2)
     3    0.02    0.11    0.21    0.89 ^ max_cap19444/X (sky130_fd_sc_hd__clkbuf_2)
                                         net19444 (net)
                  0.11    0.00    0.89 ^ max_cap19443/A (sky130_fd_sc_hd__clkbuf_2)
     3    0.02    0.10    0.18    1.07 ^ max_cap19443/X (sky130_fd_sc_hd__clkbuf_2)
                                         net19443 (net)
                  0.10    0.00    1.07 ^ max_cap19442/A (sky130_fd_sc_hd__clkbuf_2)
     1    0.02    0.10    0.18    1.25 ^ max_cap19442/X (sky130_fd_sc_hd__clkbuf_2)
                                         net19442 (net)
                  0.10    0.00    1.25 ^ _168090_/A (sky130_fd_sc_hd__xnor2_4)
     6    0.03    0.25    0.18    1.42 ^ _168090_/Y (sky130_fd_sc_hd__xnor2_4)
                                         _050183_ (net)
                  0.25    0.00    1.42 ^ max_cap19134/A (sky130_fd_sc_hd__clkbuf_2)
     2    0.02    0.13    0.24    1.66 ^ max_cap19134/X (sky130_fd_sc_hd__clkbuf_2)
                                         net19134 (net)
                  0.13    0.00    1.66 ^ _168091_/B (sky130_fd_sc_hd__xor2_4)
     4    0.03    0.24    0.27    1.93 ^ _168091_/X (sky130_fd_sc_hd__xor2_4)
                                         _050184_ (net)
                  0.24    0.00    1.93 ^ _168092_/B (sky130_fd_sc_hd__xnor2_2)
     3    0.02    0.24    0.19    2.13 ^ _168092_/Y (sky130_fd_sc_hd__xnor2_2)
                                         _050185_ (net)
                  0.24    0.00    2.13 ^ max_cap16151/A (sky130_fd_sc_hd__clkbuf_2)
     3    0.02    0.13    0.23    2.36 ^ max_cap16151/X (sky130_fd_sc_hd__clkbuf_2)
                                         net16151 (net)
                  0.13    0.00    2.36 ^ max_cap16150/A (sky130_fd_sc_hd__buf_2)
     3    0.03    0.14    0.22    2.58 ^ max_cap16150/X (sky130_fd_sc_hd__buf_2)
                                         net16150 (net)
                  0.14    0.00    2.58 ^ _168115_/A (sky130_fd_sc_hd__xnor2_2)
     2    0.01    0.20    0.16    2.74 ^ _168115_/Y (sky130_fd_sc_hd__xnor2_2)
                                         _050208_ (net)
                  0.20    0.00    2.74 ^ _168116_/B (sky130_fd_sc_hd__xor2_2)
     4    0.02    0.27    0.29    3.03 ^ _168116_/X (sky130_fd_sc_hd__xor2_2)
                                         _050209_ (net)
                  0.27    0.00    3.03 ^ max_cap12901/A (sky130_fd_sc_hd__clkbuf_2)
     3    0.02    0.11    0.23    3.26 ^ max_cap12901/X (sky130_fd_sc_hd__clkbuf_2)
                                         net12901 (net)
                  0.11    0.00    3.26 ^ max_cap12900/A (sky130_fd_sc_hd__buf_2)
     4    0.03    0.14    0.21    3.47 ^ max_cap12900/X (sky130_fd_sc_hd__buf_2)
                                         net12900 (net)
                  0.14    0.00    3.47 ^ _168117_/B (sky130_fd_sc_hd__xor2_4)
     3    0.03    0.23    0.26    3.74 ^ _168117_/X (sky130_fd_sc_hd__xor2_4)
                                         _050210_ (net)
                  0.23    0.00    3.74 ^ max_cap9907/A (sky130_fd_sc_hd__buf_4)
     3    0.03    0.09    0.21    3.95 ^ max_cap9907/X (sky130_fd_sc_hd__buf_4)
                                         net9907 (net)
                  0.09    0.00    3.95 ^ _168118_/B (sky130_fd_sc_hd__xnor2_1)
     2    0.01    0.22    0.16    4.11 ^ _168118_/Y (sky130_fd_sc_hd__xnor2_1)
                                         _050211_ (net)
                  0.22    0.00    4.11 ^ max_cap6787/A (sky130_fd_sc_hd__clkbuf_2)
     5    0.03    0.14    0.24    4.35 ^ max_cap6787/X (sky130_fd_sc_hd__clkbuf_2)
                                         net6787 (net)
                  0.14    0.00    4.35 ^ _168157_/A (sky130_fd_sc_hd__xor2_1)
     2    0.01    0.21    0.23    4.58 ^ _168157_/X (sky130_fd_sc_hd__xor2_1)
                                         _050250_ (net)
                  0.21    0.00    4.58 ^ max_cap4157/A (sky130_fd_sc_hd__clkbuf_2)
     3    0.03    0.14    0.23    4.81 ^ max_cap4157/X (sky130_fd_sc_hd__clkbuf_2)
                                         net4157 (net)
                  0.14    0.00    4.81 ^ _168158_/B (sky130_fd_sc_hd__xnor2_4)
     4    0.03    0.25    0.18    5.00 ^ _168158_/Y (sky130_fd_sc_hd__xnor2_4)
                                         _050251_ (net)
                  0.25    0.00    5.00 ^ max_cap2506/A (sky130_fd_sc_hd__clkbuf_2)
     4    0.02    0.13    0.24    5.24 ^ max_cap2506/X (sky130_fd_sc_hd__clkbuf_2)
                                         net2506 (net)
                  0.13    0.00    5.24 ^ max_cap2505/A (sky130_fd_sc_hd__clkbuf_2)
     2    0.02    0.12    0.20    5.43 ^ max_cap2505/X (sky130_fd_sc_hd__clkbuf_2)
                                         net2505 (net)
                  0.12    0.00    5.43 ^ _168167_/A (sky130_fd_sc_hd__xnor2_2)
     2    0.01    0.20    0.16    5.59 ^ _168167_/Y (sky130_fd_sc_hd__xnor2_2)
                                         _050260_ (net)
                  0.20    0.00    5.59 ^ max_cap1857/A (sky130_fd_sc_hd__clkbuf_2)
     3    0.02    0.12    0.21    5.81 ^ max_cap1857/X (sky130_fd_sc_hd__clkbuf_2)
                                         net1857 (net)
                  0.12    0.00    5.81 ^ _168183_/A (sky130_fd_sc_hd__xor2_2)
     2    0.01    0.18    0.20    6.01 ^ _168183_/X (sky130_fd_sc_hd__xor2_2)
                                         _050276_ (net)
                  0.18    0.00    6.01 ^ max_cap1665/A (sky130_fd_sc_hd__buf_2)
     3    0.03    0.14    0.23    6.24 ^ max_cap1665/X (sky130_fd_sc_hd__buf_2)
                                         net1665 (net)
                  0.14    0.00    6.24 ^ wire1664/A (sky130_fd_sc_hd__buf_2)
     5    0.03    0.15    0.23    6.47 ^ wire1664/X (sky130_fd_sc_hd__buf_2)
                                         net1664 (net)
                  0.15    0.00    6.47 ^ _168325_/A (sky130_fd_sc_hd__xnor2_1)
     1    0.00    0.10    0.13    6.60 ^ _168325_/Y (sky130_fd_sc_hd__xnor2_1)
                                         _050418_ (net)
                  0.10    0.00    6.60 ^ wire1599/A (sky130_fd_sc_hd__dlymetal6s2s_1)
     3    0.02    0.19    0.22    6.81 ^ wire1599/X (sky130_fd_sc_hd__dlymetal6s2s_1)
                                         net1599 (net)
                  0.19    0.00    6.81 ^ _168326_/B (sky130_fd_sc_hd__xor2_1)
     2    0.00    0.07    0.10    6.92 v _168326_/X (sky130_fd_sc_hd__xor2_1)
                                         _050419_ (net)
                  0.07    0.00    6.92 v _168350_/A (sky130_fd_sc_hd__or4_1)
     1    0.00    0.08    0.53    7.45 v _168350_/X (sky130_fd_sc_hd__or4_1)
                                         _050443_ (net)
                  0.08    0.00    7.45 v _168351_/B (sky130_fd_sc_hd__or2_1)
     1    0.00    0.05    0.22    7.68 v _168351_/X (sky130_fd_sc_hd__or2_1)
                                         _050444_ (net)
                  0.05    0.00    7.68 v _168352_/D (sky130_fd_sc_hd__or4_1)
     1    0.00    0.08    0.40    8.08 v _168352_/X (sky130_fd_sc_hd__or4_1)
                                         _050445_ (net)
                  0.08    0.00    8.08 v _168384_/C (sky130_fd_sc_hd__or4_1)
     1    0.00    0.09    0.50    8.58 v _168384_/X (sky130_fd_sc_hd__or4_1)
                                         _050477_ (net)
                  0.09    0.00    8.58 v _168450_/A (sky130_fd_sc_hd__or4_1)
     1    0.00    0.08    0.54    9.12 v _168450_/X (sky130_fd_sc_hd__or4_1)
                                         _050543_ (net)
                  0.08    0.00    9.12 v _168683_/A_N (sky130_fd_sc_hd__and3b_1)
     1    0.01    0.12    0.29    9.41 ^ _168683_/X (sky130_fd_sc_hd__and3b_1)
                                         _050776_ (net)
                  0.12    0.00    9.41 ^ _168688_/A1 (sky130_fd_sc_hd__o21a_1)
     1    0.00    0.04    0.14    9.55 ^ _168688_/X (sky130_fd_sc_hd__o21a_1)
                                         _003417_ (net)
                  0.04    0.00    9.55 ^ _311023_/D (sky130_fd_sc_hd__dfxtp_1)
                                  9.55   data arrival time

                  0.10   10.00   10.00   clock iClock (rise edge)
                          0.00   10.00   clock network delay (ideal)
                         -0.10    9.90   clock uncertainty
                          0.00    9.90   clock reconvergence pessimism
                                  9.90 ^ _311023_/CLK (sky130_fd_sc_hd__dfxtp_1)
                         -0.04    9.86   library setup time
                                  9.86   data required time
-----------------------------------------------------------------------------
                                  9.86   data required time
                                 -9.55   data arrival time
-----------------------------------------------------------------------------
                                  0.31   slack (MET)




===========================================================================
report_checks --slack_max -0.01
============================================================================
======================= Typical Corner ===================================

No paths found.


===========================================================================
 report_check_types -max_slew -max_cap -max_fanout -violators
============================================================================
======================= Typical Corner ===================================

max slew

Pin                                    Limit    Slew   Slack
------------------------------------------------------------
_206369_/S1                             0.50    0.66   -0.16 (VIOLATED)
_200965_/A1                             0.50    0.65   -0.15 (VIOLATED)
_190312_/A                              0.50    0.63   -0.13 (VIOLATED)
_194004_/S1                             0.50    0.61   -0.11 (VIOLATED)
_203200_/B2                             0.50    0.59   -0.09 (VIOLATED)
_197400_/B2                             0.50    0.59   -0.09 (VIOLATED)
_189504_/A                              0.50    0.58   -0.08 (VIOLATED)
_201768_/A1                             0.50    0.57   -0.07 (VIOLATED)
_191592_/S1                             0.50    0.57   -0.07 (VIOLATED)
_197493_/B2                             0.50    0.56   -0.06 (VIOLATED)
_207870_/B2                             0.50    0.56   -0.06 (VIOLATED)
wire5493/A                              0.50    0.56   -0.06 (VIOLATED)
_207011_/A2                             0.50    0.55   -0.05 (VIOLATED)
_205896_/A1                             0.50    0.55   -0.05 (VIOLATED)
_193666_/B2                             0.50    0.55   -0.05 (VIOLATED)
_192544_/A2                             0.50    0.54   -0.04 (VIOLATED)
_195421_/A2                             0.50    0.52   -0.02 (VIOLATED)
_199070_/A2                             0.50    0.52   -0.02 (VIOLATED)
_198596_/A2                             0.50    0.52   -0.02 (VIOLATED)
_200284_/A2                             0.50    0.51   -0.01 (VIOLATED)
_190867_/A                              0.50    0.51   -0.01 (VIOLATED)
wire7783/A                              0.50    0.51   -0.01 (VIOLATED)
_197438_/B1                             0.50    0.51   -0.01 (VIOLATED)
_205545_/A2                             0.50    0.50   -0.00 (VIOLATED)
_213287_/A2                             0.50    0.50   -0.00 (VIOLATED)
_206492_/B1                             0.50    0.50   -0.00 (VIOLATED)
_199534_/A2                             0.50    0.50   -0.00 (VIOLATED)


max slew violations count Typical: 27
max fanout violations count Typical: 0
max cap violations count Typical: 0

===========================================================================
report_parasitic_annotation -report_unannotated
============================================================================
Found 1 unannotated drivers.
 iClock
Found 0 partially unannotated drivers.

===========================================================================
max slew violation count 27
max fanout violation count 0
max cap violation count 0
============================================================================

===========================================================================
check_setup -verbose -unconstrained_endpoints -multiple_clock -no_clock -no_input_delay -loops -generated_clocks
===========================================================================
Warning: There are 587 input ports missing set_input_delay.
  iCorrectionFail[0]
  iCorrectionFail[1]
  iELPCoefficients[0]
  iELPCoefficients[100]
  iELPCoefficients[101]
  iELPCoefficients[102]
  iELPCoefficients[103]
  iELPCoefficients[104]
  iELPCoefficients[105]
  iELPCoefficients[106]
  iELPCoefficients[107]
  iELPCoefficients[108]
  iELPCoefficients[109]
  iELPCoefficients[10]
  iELPCoefficients[110]
  iELPCoefficients[111]
  iELPCoefficients[112]
  iELPCoefficients[113]
  iELPCoefficients[114]
  iELPCoefficients[115]
  iELPCoefficients[116]
  iELPCoefficients[117]
  iELPCoefficients[118]
  iELPCoefficients[119]
  iELPCoefficients[11]
  iELPCoefficients[120]
  iELPCoefficients[121]
  iELPCoefficients[122]
  iELPCoefficients[123]
  iELPCoefficients[124]
  iELPCoefficients[125]
  iELPCoefficients[126]
  iELPCoefficients[127]
  iELPCoefficients[128]
  iELPCoefficients[129]
  iELPCoefficients[12]
  iELPCoefficients[130]
  iELPCoefficients[131]
  iELPCoefficients[132]
  iELPCoefficients[133]
  iELPCoefficients[134]
  iELPCoefficients[135]
  iELPCoefficients[136]
  iELPCoefficients[137]
  iELPCoefficients[138]
  iELPCoefficients[139]
  iELPCoefficients[13]
  iELPCoefficients[140]
  iELPCoefficients[141]
  iELPCoefficients[142]
  iELPCoefficients[143]
  iELPCoefficients[144]
  iELPCoefficients[145]
  iELPCoefficients[146]
  iELPCoefficients[147]
  iELPCoefficients[148]
  iELPCoefficients[149]
  iELPCoefficients[14]
  iELPCoefficients[150]
  iELPCoefficients[151]
  iELPCoefficients[152]
  iELPCoefficients[153]
  iELPCoefficients[154]
  iELPCoefficients[155]
  iELPCoefficients[156]
  iELPCoefficients[157]
  iELPCoefficients[158]
  iELPCoefficients[159]
  iELPCoefficients[15]
  iELPCoefficients[160]
  iELPCoefficients[161]
  iELPCoefficients[162]
  iELPCoefficients[163]
  iELPCoefficients[164]
  iELPCoefficients[165]
  iELPCoefficients[166]
  iELPCoefficients[167]
  iELPCoefficients[168]
  iELPCoefficients[169]
  iELPCoefficients[16]
  iELPCoefficients[170]
  iELPCoefficients[171]
  iELPCoefficients[172]
  iELPCoefficients[173]
  iELPCoefficients[174]
  iELPCoefficients[175]
  iELPCoefficients[176]
  iELPCoefficients[177]
  iELPCoefficients[178]
  iELPCoefficients[179]
  iELPCoefficients[17]
  iELPCoefficients[180]
  iELPCoefficients[181]
  iELPCoefficients[182]
  iELPCoefficients[183]
  iELPCoefficients[184]
  iELPCoefficients[185]
  iELPCoefficients[186]
  iELPCoefficients[187]
  iELPCoefficients[188]
  iELPCoefficients[189]
  iELPCoefficients[18]
  iELPCoefficients[190]
  iELPCoefficients[191]
  iELPCoefficients[192]
  iELPCoefficients[193]
  iELPCoefficients[194]
  iELPCoefficients[195]
  iELPCoefficients[196]
  iELPCoefficients[197]
  iELPCoefficients[198]
  iELPCoefficients[199]
  iELPCoefficients[19]
  iELPCoefficients[1]
  iELPCoefficients[200]
  iELPCoefficients[201]
  iELPCoefficients[202]
  iELPCoefficients[203]
  iELPCoefficients[204]
  iELPCoefficients[205]
  iELPCoefficients[206]
  iELPCoefficients[207]
  iELPCoefficients[208]
  iELPCoefficients[209]
  iELPCoefficients[20]
  iELPCoefficients[210]
  iELPCoefficients[211]
  iELPCoefficients[212]
  iELPCoefficients[213]
  iELPCoefficients[214]
  iELPCoefficients[215]
  iELPCoefficients[216]
  iELPCoefficients[217]
  iELPCoefficients[218]
  iELPCoefficients[219]
  iELPCoefficients[21]
  iELPCoefficients[220]
  iELPCoefficients[221]
  iELPCoefficients[222]
  iELPCoefficients[223]
  iELPCoefficients[224]
  iELPCoefficients[225]
  iELPCoefficients[226]
  iELPCoefficients[227]
  iELPCoefficients[228]
  iELPCoefficients[229]
  iELPCoefficients[22]
  iELPCoefficients[230]
  iELPCoefficients[231]
  iELPCoefficients[232]
  iELPCoefficients[233]
  iELPCoefficients[234]
  iELPCoefficients[235]
  iELPCoefficients[236]
  iELPCoefficients[237]
  iELPCoefficients[238]
  iELPCoefficients[239]
  iELPCoefficients[23]
  iELPCoefficients[240]
  iELPCoefficients[241]
  iELPCoefficients[242]
  iELPCoefficients[243]
  iELPCoefficients[244]
  iELPCoefficients[245]
  iELPCoefficients[246]
  iELPCoefficients[247]
  iELPCoefficients[248]
  iELPCoefficients[249]
  iELPCoefficients[24]
  iELPCoefficients[250]
  iELPCoefficients[251]
  iELPCoefficients[252]
  iELPCoefficients[253]
  iELPCoefficients[254]
  iELPCoefficients[255]
  iELPCoefficients[256]
  iELPCoefficients[257]
  iELPCoefficients[258]
  iELPCoefficients[259]
  iELPCoefficients[25]
  iELPCoefficients[260]
  iELPCoefficients[261]
  iELPCoefficients[262]
  iELPCoefficients[263]
  iELPCoefficients[264]
  iELPCoefficients[265]
  iELPCoefficients[266]
  iELPCoefficients[267]
  iELPCoefficients[268]
  iELPCoefficients[269]
  iELPCoefficients[26]
  iELPCoefficients[270]
  iELPCoefficients[271]
  iELPCoefficients[272]
  iELPCoefficients[273]
  iELPCoefficients[274]
  iELPCoefficients[275]
  iELPCoefficients[276]
  iELPCoefficients[277]
  iELPCoefficients[278]
  iELPCoefficients[279]
  iELPCoefficients[27]
  iELPCoefficients[280]
  iELPCoefficients[281]
  iELPCoefficients[282]
  iELPCoefficients[283]
  iELPCoefficients[284]
  iELPCoefficients[285]
  iELPCoefficients[286]
  iELPCoefficients[287]
  iELPCoefficients[288]
  iELPCoefficients[289]
  iELPCoefficients[28]
  iELPCoefficients[290]
  iELPCoefficients[291]
  iELPCoefficients[292]
  iELPCoefficients[293]
  iELPCoefficients[294]
  iELPCoefficients[295]
  iELPCoefficients[296]
  iELPCoefficients[297]
  iELPCoefficients[298]
  iELPCoefficients[299]
  iELPCoefficients[29]
  iELPCoefficients[2]
  iELPCoefficients[300]
  iELPCoefficients[301]
  iELPCoefficients[302]
  iELPCoefficients[303]
  iELPCoefficients[304]
  iELPCoefficients[305]
  iELPCoefficients[306]
  iELPCoefficients[307]
  iELPCoefficients[308]
  iELPCoefficients[309]
  iELPCoefficients[30]
  iELPCoefficients[310]
  iELPCoefficients[311]
  iELPCoefficients[312]
  iELPCoefficients[313]
  iELPCoefficients[314]
  iELPCoefficients[315]
  iELPCoefficients[316]
  iELPCoefficients[317]
  iELPCoefficients[318]
  iELPCoefficients[319]
  iELPCoefficients[31]
  iELPCoefficients[320]
  iELPCoefficients[321]
  iELPCoefficients[322]
  iELPCoefficients[323]
  iELPCoefficients[324]
  iELPCoefficients[325]
  iELPCoefficients[326]
  iELPCoefficients[327]
  iELPCoefficients[328]
  iELPCoefficients[329]
  iELPCoefficients[32]
  iELPCoefficients[330]
  iELPCoefficients[331]
  iELPCoefficients[332]
  iELPCoefficients[333]
  iELPCoefficients[334]
  iELPCoefficients[335]
  iELPCoefficients[336]
  iELPCoefficients[337]
  iELPCoefficients[338]
  iELPCoefficients[339]
  iELPCoefficients[33]
  iELPCoefficients[340]
  iELPCoefficients[341]
  iELPCoefficients[342]
  iELPCoefficients[343]
  iELPCoefficients[344]
  iELPCoefficients[345]
  iELPCoefficients[346]
  iELPCoefficients[347]
  iELPCoefficients[348]
  iELPCoefficients[349]
  iELPCoefficients[34]
  iELPCoefficients[350]
  iELPCoefficients[351]
  iELPCoefficients[352]
  iELPCoefficients[353]
  iELPCoefficients[354]
  iELPCoefficients[355]
  iELPCoefficients[356]
  iELPCoefficients[357]
  iELPCoefficients[358]
  iELPCoefficients[359]
  iELPCoefficients[35]
  iELPCoefficients[36]
  iELPCoefficients[37]
  iELPCoefficients[38]
  iELPCoefficients[39]
  iELPCoefficients[3]
  iELPCoefficients[40]
  iELPCoefficients[41]
  iELPCoefficients[42]
  iELPCoefficients[43]
  iELPCoefficients[44]
  iELPCoefficients[45]
  iELPCoefficients[46]
  iELPCoefficients[47]
  iELPCoefficients[48]
  iELPCoefficients[49]
  iELPCoefficients[4]
  iELPCoefficients[50]
  iELPCoefficients[51]
  iELPCoefficients[52]
  iELPCoefficients[53]
  iELPCoefficients[54]
  iELPCoefficients[55]
  iELPCoefficients[56]
  iELPCoefficients[57]
  iELPCoefficients[58]
  iELPCoefficients[59]
  iELPCoefficients[5]
  iELPCoefficients[60]
  iELPCoefficients[61]
  iELPCoefficients[62]
  iELPCoefficients[63]
  iELPCoefficients[64]
  iELPCoefficients[65]
  iELPCoefficients[66]
  iELPCoefficients[67]
  iELPCoefficients[68]
  iELPCoefficients[69]
  iELPCoefficients[6]
  iELPCoefficients[70]
  iELPCoefficients[71]
  iELPCoefficients[72]
  iELPCoefficients[73]
  iELPCoefficients[74]
  iELPCoefficients[75]
  iELPCoefficients[76]
  iELPCoefficients[77]
  iELPCoefficients[78]
  iELPCoefficients[79]
  iELPCoefficients[7]
  iELPCoefficients[80]
  iELPCoefficients[81]
  iELPCoefficients[82]
  iELPCoefficients[83]
  iELPCoefficients[84]
  iELPCoefficients[85]
  iELPCoefficients[86]
  iELPCoefficients[87]
  iELPCoefficients[88]
  iELPCoefficients[89]
  iELPCoefficients[8]
  iELPCoefficients[90]
  iELPCoefficients[91]
  iELPCoefficients[92]
  iELPCoefficients[93]
  iELPCoefficients[94]
  iELPCoefficients[95]
  iELPCoefficients[96]
  iELPCoefficients[97]
  iELPCoefficients[98]
  iELPCoefficients[99]
  iELPCoefficients[9]
  iErrorCount[0]
  iErrorCount[10]
  iErrorCount[11]
  iErrorCount[12]
  iErrorCount[13]
  iErrorCount[14]
  iErrorCount[15]
  iErrorCount[16]
  iErrorCount[17]
  iErrorCount[1]
  iErrorCount[2]
  iErrorCount[3]
  iErrorCount[4]
  iErrorCount[5]
  iErrorCount[6]
  iErrorCount[7]
  iErrorCount[8]
  iErrorCount[9]
  iErroredChunk[0]
  iErroredChunk[1]
  iIntraSharedKESEnd
  iReset
  iSharedKESReady
  iToECCRAddress[0]
  iToECCRAddress[10]
  iToECCRAddress[11]
  iToECCRAddress[12]
  iToECCRAddress[13]
  iToECCRAddress[14]
  iToECCRAddress[15]
  iToECCRAddress[16]
  iToECCRAddress[17]
  iToECCRAddress[18]
  iToECCRAddress[19]
  iToECCRAddress[1]
  iToECCRAddress[20]
  iToECCRAddress[21]
  iToECCRAddress[22]
  iToECCRAddress[23]
  iToECCRAddress[24]
  iToECCRAddress[25]
  iToECCRAddress[26]
  iToECCRAddress[27]
  iToECCRAddress[28]
  iToECCRAddress[29]
  iToECCRAddress[2]
  iToECCRAddress[30]
  iToECCRAddress[31]
  iToECCRAddress[3]
  iToECCRAddress[4]
  iToECCRAddress[5]
  iToECCRAddress[6]
  iToECCRAddress[7]
  iToECCRAddress[8]
  iToECCRAddress[9]
  iToECCRCmdValid
  iToECCRLength[0]
  iToECCRLength[10]
  iToECCRLength[11]
  iToECCRLength[12]
  iToECCRLength[13]
  iToECCRLength[14]
  iToECCRLength[15]
  iToECCRLength[1]
  iToECCRLength[2]
  iToECCRLength[3]
  iToECCRLength[4]
  iToECCRLength[5]
  iToECCRLength[6]
  iToECCRLength[7]
  iToECCRLength[8]
  iToECCRLength[9]
  iToECCROpcode[0]
  iToECCROpcode[1]
  iToECCROpcode[2]
  iToECCROpcode[3]
  iToECCROpcode[4]
  iToECCROpcode[5]
  iToECCRReady
  iToECCRSourceID[0]
  iToECCRSourceID[1]
  iToECCRSourceID[2]
  iToECCRSourceID[3]
  iToECCRSourceID[4]
  iToECCRTargetID[0]
  iToECCRTargetID[1]
  iToECCRTargetID[2]
  iToECCRTargetID[3]
  iToECCRTargetID[4]
  iToECCWAddress[0]
  iToECCWAddress[10]
  iToECCWAddress[11]
  iToECCWAddress[12]
  iToECCWAddress[13]
  iToECCWAddress[14]
  iToECCWAddress[15]
  iToECCWAddress[16]
  iToECCWAddress[17]
  iToECCWAddress[18]
  iToECCWAddress[19]
  iToECCWAddress[1]
  iToECCWAddress[20]
  iToECCWAddress[21]
  iToECCWAddress[22]
  iToECCWAddress[23]
  iToECCWAddress[24]
  iToECCWAddress[25]
  iToECCWAddress[26]
  iToECCWAddress[27]
  iToECCWAddress[28]
  iToECCWAddress[29]
  iToECCWAddress[2]
  iToECCWAddress[30]
  iToECCWAddress[31]
  iToECCWAddress[3]
  iToECCWAddress[4]
  iToECCWAddress[5]
  iToECCWAddress[6]
  iToECCWAddress[7]
  iToECCWAddress[8]
  iToECCWAddress[9]
  iToECCWCmdValid
  iToECCWData[0]
  iToECCWData[10]
  iToECCWData[11]
  iToECCWData[12]
  iToECCWData[13]
  iToECCWData[14]
  iToECCWData[15]
  iToECCWData[16]
  iToECCWData[17]
  iToECCWData[18]
  iToECCWData[19]
  iToECCWData[1]
  iToECCWData[20]
  iToECCWData[21]
  iToECCWData[22]
  iToECCWData[23]
  iToECCWData[24]
  iToECCWData[25]
  iToECCWData[26]
  iToECCWData[27]
  iToECCWData[28]
  iToECCWData[29]
  iToECCWData[2]
  iToECCWData[30]
  iToECCWData[31]
  iToECCWData[3]
  iToECCWData[4]
  iToECCWData[5]
  iToECCWData[6]
  iToECCWData[7]
  iToECCWData[8]
  iToECCWData[9]
  iToECCWLast
  iToECCWLength[0]
  iToECCWLength[10]
  iToECCWLength[11]
  iToECCWLength[12]
  iToECCWLength[13]
  iToECCWLength[14]
  iToECCWLength[15]
  iToECCWLength[1]
  iToECCWLength[2]
  iToECCWLength[3]
  iToECCWLength[4]
  iToECCWLength[5]
  iToECCWLength[6]
  iToECCWLength[7]
  iToECCWLength[8]
  iToECCWLength[9]
  iToECCWOpcode[0]
  iToECCWOpcode[1]
  iToECCWOpcode[2]
  iToECCWOpcode[3]
  iToECCWOpcode[4]
  iToECCWOpcode[5]
  iToECCWSourceID[0]
  iToECCWSourceID[1]
  iToECCWSourceID[2]
  iToECCWSourceID[3]
  iToECCWSourceID[4]
  iToECCWTargetID[0]
  iToECCWTargetID[1]
  iToECCWTargetID[2]
  iToECCWTargetID[3]
  iToECCWTargetID[4]
  iToECCWValid
  ifromECCRCmdReady
  ifromECCRData[0]
  ifromECCRData[10]
  ifromECCRData[11]
  ifromECCRData[12]
  ifromECCRData[13]
  ifromECCRData[14]
  ifromECCRData[15]
  ifromECCRData[16]
  ifromECCRData[17]
  ifromECCRData[18]
  ifromECCRData[19]
  ifromECCRData[1]
  ifromECCRData[20]
  ifromECCRData[21]
  ifromECCRData[22]
  ifromECCRData[23]
  ifromECCRData[24]
  ifromECCRData[25]
  ifromECCRData[26]
  ifromECCRData[27]
  ifromECCRData[28]
  ifromECCRData[29]
  ifromECCRData[2]
  ifromECCRData[30]
  ifromECCRData[31]
  ifromECCRData[3]
  ifromECCRData[4]
  ifromECCRData[5]
  ifromECCRData[6]
  ifromECCRData[7]
  ifromECCRData[8]
  ifromECCRData[9]
  ifromECCRLast
  ifromECCRValid
  ifromECCWCmdReady
  ifromECCWReady
Warning: There are 856 unconstrained endpoints.
  oCSAvailable
  oDecodeNeeded[0]
  oDecodeNeeded[1]
  oErrorDetectionEnd[0]
  oErrorDetectionEnd[1]
  oSyndromes[0]
  oSyndromes[100]
  oSyndromes[101]
  oSyndromes[102]
  oSyndromes[103]
  oSyndromes[104]
  oSyndromes[105]
  oSyndromes[106]
  oSyndromes[107]
  oSyndromes[108]
  oSyndromes[109]
  oSyndromes[10]
  oSyndromes[110]
  oSyndromes[111]
  oSyndromes[112]
  oSyndromes[113]
  oSyndromes[114]
  oSyndromes[115]
  oSyndromes[116]
  oSyndromes[117]
  oSyndromes[118]
  oSyndromes[119]
  oSyndromes[11]
  oSyndromes[120]
  oSyndromes[121]
  oSyndromes[122]
  oSyndromes[123]
  oSyndromes[124]
  oSyndromes[125]
  oSyndromes[126]
  oSyndromes[127]
  oSyndromes[128]
  oSyndromes[129]
  oSyndromes[12]
  oSyndromes[130]
  oSyndromes[131]
  oSyndromes[132]
  oSyndromes[133]
  oSyndromes[134]
  oSyndromes[135]
  oSyndromes[136]
  oSyndromes[137]
  oSyndromes[138]
  oSyndromes[139]
  oSyndromes[13]
  oSyndromes[140]
  oSyndromes[141]
  oSyndromes[142]
  oSyndromes[143]
  oSyndromes[144]
  oSyndromes[145]
  oSyndromes[146]
  oSyndromes[147]
  oSyndromes[148]
  oSyndromes[149]
  oSyndromes[14]
  oSyndromes[150]
  oSyndromes[151]
  oSyndromes[152]
  oSyndromes[153]
  oSyndromes[154]
  oSyndromes[155]
  oSyndromes[156]
  oSyndromes[157]
  oSyndromes[158]
  oSyndromes[159]
  oSyndromes[15]
  oSyndromes[160]
  oSyndromes[161]
  oSyndromes[162]
  oSyndromes[163]
  oSyndromes[164]
  oSyndromes[165]
  oSyndromes[166]
  oSyndromes[167]
  oSyndromes[168]
  oSyndromes[169]
  oSyndromes[16]
  oSyndromes[170]
  oSyndromes[171]
  oSyndromes[172]
  oSyndromes[173]
  oSyndromes[174]
  oSyndromes[175]
  oSyndromes[176]
  oSyndromes[177]
  oSyndromes[178]
  oSyndromes[179]
  oSyndromes[17]
  oSyndromes[180]
  oSyndromes[181]
  oSyndromes[182]
  oSyndromes[183]
  oSyndromes[184]
  oSyndromes[185]
  oSyndromes[186]
  oSyndromes[187]
  oSyndromes[188]
  oSyndromes[189]
  oSyndromes[18]
  oSyndromes[190]
  oSyndromes[191]
  oSyndromes[192]
  oSyndromes[193]
  oSyndromes[194]
  oSyndromes[195]
  oSyndromes[196]
  oSyndromes[197]
  oSyndromes[198]
  oSyndromes[199]
  oSyndromes[19]
  oSyndromes[1]
  oSyndromes[200]
  oSyndromes[201]
  oSyndromes[202]
  oSyndromes[203]
  oSyndromes[204]
  oSyndromes[205]
  oSyndromes[206]
  oSyndromes[207]
  oSyndromes[208]
  oSyndromes[209]
  oSyndromes[20]
  oSyndromes[210]
  oSyndromes[211]
  oSyndromes[212]
  oSyndromes[213]
  oSyndromes[214]
  oSyndromes[215]
  oSyndromes[216]
  oSyndromes[217]
  oSyndromes[218]
  oSyndromes[219]
  oSyndromes[21]
  oSyndromes[220]
  oSyndromes[221]
  oSyndromes[222]
  oSyndromes[223]
  oSyndromes[224]
  oSyndromes[225]
  oSyndromes[226]
  oSyndromes[227]
  oSyndromes[228]
  oSyndromes[229]
  oSyndromes[22]
  oSyndromes[230]
  oSyndromes[231]
  oSyndromes[232]
  oSyndromes[233]
  oSyndromes[234]
  oSyndromes[235]
  oSyndromes[236]
  oSyndromes[237]
  oSyndromes[238]
  oSyndromes[239]
  oSyndromes[23]
  oSyndromes[240]
  oSyndromes[241]
  oSyndromes[242]
  oSyndromes[243]
  oSyndromes[244]
  oSyndromes[245]
  oSyndromes[246]
  oSyndromes[247]
  oSyndromes[248]
  oSyndromes[249]
  oSyndromes[24]
  oSyndromes[250]
  oSyndromes[251]
  oSyndromes[252]
  oSyndromes[253]
  oSyndromes[254]
  oSyndromes[255]
  oSyndromes[256]
  oSyndromes[257]
  oSyndromes[258]
  oSyndromes[259]
  oSyndromes[25]
  oSyndromes[260]
  oSyndromes[261]
  oSyndromes[262]
  oSyndromes[263]
  oSyndromes[264]
  oSyndromes[265]
  oSyndromes[266]
  oSyndromes[267]
  oSyndromes[268]
  oSyndromes[269]
  oSyndromes[26]
  oSyndromes[270]
  oSyndromes[271]
  oSyndromes[272]
  oSyndromes[273]
  oSyndromes[274]
  oSyndromes[275]
  oSyndromes[276]
  oSyndromes[277]
  oSyndromes[278]
  oSyndromes[279]
  oSyndromes[27]
  oSyndromes[280]
  oSyndromes[281]
  oSyndromes[282]
  oSyndromes[283]
  oSyndromes[284]
  oSyndromes[285]
  oSyndromes[286]
  oSyndromes[287]
  oSyndromes[288]
  oSyndromes[289]
  oSyndromes[28]
  oSyndromes[290]
  oSyndromes[291]
  oSyndromes[292]
  oSyndromes[293]
  oSyndromes[294]
  oSyndromes[295]
  oSyndromes[296]
  oSyndromes[297]
  oSyndromes[298]
  oSyndromes[299]
  oSyndromes[29]
  oSyndromes[2]
  oSyndromes[300]
  oSyndromes[301]
  oSyndromes[302]
  oSyndromes[303]
  oSyndromes[304]
  oSyndromes[305]
  oSyndromes[306]
  oSyndromes[307]
  oSyndromes[308]
  oSyndromes[309]
  oSyndromes[30]
  oSyndromes[310]
  oSyndromes[311]
  oSyndromes[312]
  oSyndromes[313]
  oSyndromes[314]
  oSyndromes[315]
  oSyndromes[316]
  oSyndromes[317]
  oSyndromes[318]
  oSyndromes[319]
  oSyndromes[31]
  oSyndromes[320]
  oSyndromes[321]
  oSyndromes[322]
  oSyndromes[323]
  oSyndromes[324]
  oSyndromes[325]
  oSyndromes[326]
  oSyndromes[327]
  oSyndromes[328]
  oSyndromes[329]
  oSyndromes[32]
  oSyndromes[330]
  oSyndromes[331]
  oSyndromes[332]
  oSyndromes[333]
  oSyndromes[334]
  oSyndromes[335]
  oSyndromes[336]
  oSyndromes[337]
  oSyndromes[338]
  oSyndromes[339]
  oSyndromes[33]
  oSyndromes[340]
  oSyndromes[341]
  oSyndromes[342]
  oSyndromes[343]
  oSyndromes[344]
  oSyndromes[345]
  oSyndromes[346]
  oSyndromes[347]
  oSyndromes[348]
  oSyndromes[349]
  oSyndromes[34]
  oSyndromes[350]
  oSyndromes[351]
  oSyndromes[352]
  oSyndromes[353]
  oSyndromes[354]
  oSyndromes[355]
  oSyndromes[356]
  oSyndromes[357]
  oSyndromes[358]
  oSyndromes[359]
  oSyndromes[35]
  oSyndromes[360]
  oSyndromes[361]
  oSyndromes[362]
  oSyndromes[363]
  oSyndromes[364]
  oSyndromes[365]
  oSyndromes[366]
  oSyndromes[367]
  oSyndromes[368]
  oSyndromes[369]
  oSyndromes[36]
  oSyndromes[370]
  oSyndromes[371]
  oSyndromes[372]
  oSyndromes[373]
  oSyndromes[374]
  oSyndromes[375]
  oSyndromes[376]
  oSyndromes[377]
  oSyndromes[378]
  oSyndromes[379]
  oSyndromes[37]
  oSyndromes[380]
  oSyndromes[381]
  oSyndromes[382]
  oSyndromes[383]
  oSyndromes[384]
  oSyndromes[385]
  oSyndromes[386]
  oSyndromes[387]
  oSyndromes[388]
  oSyndromes[389]
  oSyndromes[38]
  oSyndromes[390]
  oSyndromes[391]
  oSyndromes[392]
  oSyndromes[393]
  oSyndromes[394]
  oSyndromes[395]
  oSyndromes[396]
  oSyndromes[397]
  oSyndromes[398]
  oSyndromes[399]
  oSyndromes[39]
  oSyndromes[3]
  oSyndromes[400]
  oSyndromes[401]
  oSyndromes[402]
  oSyndromes[403]
  oSyndromes[404]
  oSyndromes[405]
  oSyndromes[406]
  oSyndromes[407]
  oSyndromes[408]
  oSyndromes[409]
  oSyndromes[40]
  oSyndromes[410]
  oSyndromes[411]
  oSyndromes[412]
  oSyndromes[413]
  oSyndromes[414]
  oSyndromes[415]
  oSyndromes[416]
  oSyndromes[417]
  oSyndromes[418]
  oSyndromes[419]
  oSyndromes[41]
  oSyndromes[420]
  oSyndromes[421]
  oSyndromes[422]
  oSyndromes[423]
  oSyndromes[424]
  oSyndromes[425]
  oSyndromes[426]
  oSyndromes[427]
  oSyndromes[428]
  oSyndromes[429]
  oSyndromes[42]
  oSyndromes[430]
  oSyndromes[431]
  oSyndromes[432]
  oSyndromes[433]
  oSyndromes[434]
  oSyndromes[435]
  oSyndromes[436]
  oSyndromes[437]
  oSyndromes[438]
  oSyndromes[439]
  oSyndromes[43]
  oSyndromes[440]
  oSyndromes[441]
  oSyndromes[442]
  oSyndromes[443]
  oSyndromes[444]
  oSyndromes[445]
  oSyndromes[446]
  oSyndromes[447]
  oSyndromes[448]
  oSyndromes[449]
  oSyndromes[44]
  oSyndromes[450]
  oSyndromes[451]
  oSyndromes[452]
  oSyndromes[453]
  oSyndromes[454]
  oSyndromes[455]
  oSyndromes[456]
  oSyndromes[457]
  oSyndromes[458]
  oSyndromes[459]
  oSyndromes[45]
  oSyndromes[460]
  oSyndromes[461]
  oSyndromes[462]
  oSyndromes[463]
  oSyndromes[464]
  oSyndromes[465]
  oSyndromes[466]
  oSyndromes[467]
  oSyndromes[468]
  oSyndromes[469]
  oSyndromes[46]
  oSyndromes[470]
  oSyndromes[471]
  oSyndromes[472]
  oSyndromes[473]
  oSyndromes[474]
  oSyndromes[475]
  oSyndromes[476]
  oSyndromes[477]
  oSyndromes[478]
  oSyndromes[479]
  oSyndromes[47]
  oSyndromes[480]
  oSyndromes[481]
  oSyndromes[482]
  oSyndromes[483]
  oSyndromes[484]
  oSyndromes[485]
  oSyndromes[486]
  oSyndromes[487]
  oSyndromes[488]
  oSyndromes[489]
  oSyndromes[48]
  oSyndromes[490]
  oSyndromes[491]
  oSyndromes[492]
  oSyndromes[493]
  oSyndromes[494]
  oSyndromes[495]
  oSyndromes[496]
  oSyndromes[497]
  oSyndromes[498]
  oSyndromes[499]
  oSyndromes[49]
  oSyndromes[4]
  oSyndromes[500]
  oSyndromes[501]
  oSyndromes[502]
  oSyndromes[503]
  oSyndromes[504]
  oSyndromes[505]
  oSyndromes[506]
  oSyndromes[507]
  oSyndromes[508]
  oSyndromes[509]
  oSyndromes[50]
  oSyndromes[510]
  oSyndromes[511]
  oSyndromes[512]
  oSyndromes[513]
  oSyndromes[514]
  oSyndromes[515]
  oSyndromes[516]
  oSyndromes[517]
  oSyndromes[518]
  oSyndromes[519]
  oSyndromes[51]
  oSyndromes[520]
  oSyndromes[521]
  oSyndromes[522]
  oSyndromes[523]
  oSyndromes[524]
  oSyndromes[525]
  oSyndromes[526]
  oSyndromes[527]
  oSyndromes[528]
  oSyndromes[529]
  oSyndromes[52]
  oSyndromes[530]
  oSyndromes[531]
  oSyndromes[532]
  oSyndromes[533]
  oSyndromes[534]
  oSyndromes[535]
  oSyndromes[536]
  oSyndromes[537]
  oSyndromes[538]
  oSyndromes[539]
  oSyndromes[53]
  oSyndromes[540]
  oSyndromes[541]
  oSyndromes[542]
  oSyndromes[543]
  oSyndromes[544]
  oSyndromes[545]
  oSyndromes[546]
  oSyndromes[547]
  oSyndromes[548]
  oSyndromes[549]
  oSyndromes[54]
  oSyndromes[550]
  oSyndromes[551]
  oSyndromes[552]
  oSyndromes[553]
  oSyndromes[554]
  oSyndromes[555]
  oSyndromes[556]
  oSyndromes[557]
  oSyndromes[558]
  oSyndromes[559]
  oSyndromes[55]
  oSyndromes[560]
  oSyndromes[561]
  oSyndromes[562]
  oSyndromes[563]
  oSyndromes[564]
  oSyndromes[565]
  oSyndromes[566]
  oSyndromes[567]
  oSyndromes[568]
  oSyndromes[569]
  oSyndromes[56]
  oSyndromes[570]
  oSyndromes[571]
  oSyndromes[572]
  oSyndromes[573]
  oSyndromes[574]
  oSyndromes[575]
  oSyndromes[576]
  oSyndromes[577]
  oSyndromes[578]
  oSyndromes[579]
  oSyndromes[57]
  oSyndromes[580]
  oSyndromes[581]
  oSyndromes[582]
  oSyndromes[583]
  oSyndromes[584]
  oSyndromes[585]
  oSyndromes[586]
  oSyndromes[587]
  oSyndromes[588]
  oSyndromes[589]
  oSyndromes[58]
  oSyndromes[590]
  oSyndromes[591]
  oSyndromes[592]
  oSyndromes[593]
  oSyndromes[594]
  oSyndromes[595]
  oSyndromes[596]
  oSyndromes[597]
  oSyndromes[598]
  oSyndromes[599]
  oSyndromes[59]
  oSyndromes[5]
  oSyndromes[600]
  oSyndromes[601]
  oSyndromes[602]
  oSyndromes[603]
  oSyndromes[604]
  oSyndromes[605]
  oSyndromes[606]
  oSyndromes[607]
  oSyndromes[608]
  oSyndromes[609]
  oSyndromes[60]
  oSyndromes[610]
  oSyndromes[611]
  oSyndromes[612]
  oSyndromes[613]
  oSyndromes[614]
  oSyndromes[615]
  oSyndromes[616]
  oSyndromes[617]
  oSyndromes[618]
  oSyndromes[619]
  oSyndromes[61]
  oSyndromes[620]
  oSyndromes[621]
  oSyndromes[622]
  oSyndromes[623]
  oSyndromes[624]
  oSyndromes[625]
  oSyndromes[626]
  oSyndromes[627]
  oSyndromes[628]
  oSyndromes[629]
  oSyndromes[62]
  oSyndromes[630]
  oSyndromes[631]
  oSyndromes[632]
  oSyndromes[633]
  oSyndromes[634]
  oSyndromes[635]
  oSyndromes[636]
  oSyndromes[637]
  oSyndromes[638]
  oSyndromes[639]
  oSyndromes[63]
  oSyndromes[640]
  oSyndromes[641]
  oSyndromes[642]
  oSyndromes[643]
  oSyndromes[644]
  oSyndromes[645]
  oSyndromes[646]
  oSyndromes[647]
  oSyndromes[64]
  oSyndromes[65]
  oSyndromes[66]
  oSyndromes[67]
  oSyndromes[68]
  oSyndromes[69]
  oSyndromes[6]
  oSyndromes[70]
  oSyndromes[71]
  oSyndromes[72]
  oSyndromes[73]
  oSyndromes[74]
  oSyndromes[75]
  oSyndromes[76]
  oSyndromes[77]
  oSyndromes[78]
  oSyndromes[79]
  oSyndromes[7]
  oSyndromes[80]
  oSyndromes[81]
  oSyndromes[82]
  oSyndromes[83]
  oSyndromes[84]
  oSyndromes[85]
  oSyndromes[86]
  oSyndromes[87]
  oSyndromes[88]
  oSyndromes[89]
  oSyndromes[8]
  oSyndromes[90]
  oSyndromes[91]
  oSyndromes[92]
  oSyndromes[93]
  oSyndromes[94]
  oSyndromes[95]
  oSyndromes[96]
  oSyndromes[97]
  oSyndromes[98]
  oSyndromes[99]
  oSyndromes[9]
  oToECCRCmdReady
  oToECCRData[0]
  oToECCRData[10]
  oToECCRData[11]
  oToECCRData[12]
  oToECCRData[13]
  oToECCRData[14]
  oToECCRData[15]
  oToECCRData[16]
  oToECCRData[17]
  oToECCRData[18]
  oToECCRData[19]
  oToECCRData[1]
  oToECCRData[20]
  oToECCRData[21]
  oToECCRData[22]
  oToECCRData[23]
  oToECCRData[24]
  oToECCRData[25]
  oToECCRData[26]
  oToECCRData[27]
  oToECCRData[28]
  oToECCRData[29]
  oToECCRData[2]
  oToECCRData[30]
  oToECCRData[31]
  oToECCRData[3]
  oToECCRData[4]
  oToECCRData[5]
  oToECCRData[6]
  oToECCRData[7]
  oToECCRData[8]
  oToECCRData[9]
  oToECCRLast
  oToECCRValid
  oToECCWCmdReady
  oToECCWReady
  ofromECCRAddress[0]
  ofromECCRAddress[10]
  ofromECCRAddress[11]
  ofromECCRAddress[12]
  ofromECCRAddress[13]
  ofromECCRAddress[14]
  ofromECCRAddress[15]
  ofromECCRAddress[16]
  ofromECCRAddress[17]
  ofromECCRAddress[18]
  ofromECCRAddress[19]
  ofromECCRAddress[1]
  ofromECCRAddress[20]
  ofromECCRAddress[21]
  ofromECCRAddress[22]
  ofromECCRAddress[23]
  ofromECCRAddress[24]
  ofromECCRAddress[25]
  ofromECCRAddress[26]
  ofromECCRAddress[27]
  ofromECCRAddress[28]
  ofromECCRAddress[29]
  ofromECCRAddress[2]
  ofromECCRAddress[30]
  ofromECCRAddress[31]
  ofromECCRAddress[3]
  ofromECCRAddress[4]
  ofromECCRAddress[5]
  ofromECCRAddress[6]
  ofromECCRAddress[7]
  ofromECCRAddress[8]
  ofromECCRAddress[9]
  ofromECCRCmdValid
  ofromECCRLength[0]
  ofromECCRLength[10]
  ofromECCRLength[11]
  ofromECCRLength[12]
  ofromECCRLength[13]
  ofromECCRLength[14]
  ofromECCRLength[15]
  ofromECCRLength[1]
  ofromECCRLength[2]
  ofromECCRLength[3]
  ofromECCRLength[4]
  ofromECCRLength[5]
  ofromECCRLength[6]
  ofromECCRLength[7]
  ofromECCRLength[8]
  ofromECCRLength[9]
  ofromECCROpcode[0]
  ofromECCROpcode[1]
  ofromECCROpcode[2]
  ofromECCROpcode[3]
  ofromECCROpcode[4]
  ofromECCROpcode[5]
  ofromECCRReady
  ofromECCRSourceID[0]
  ofromECCRSourceID[1]
  ofromECCRSourceID[2]
  ofromECCRSourceID[3]
  ofromECCRSourceID[4]
  ofromECCRTargetID[0]
  ofromECCRTargetID[1]
  ofromECCRTargetID[2]
  ofromECCRTargetID[3]
  ofromECCRTargetID[4]
  ofromECCWAddress[0]
  ofromECCWAddress[10]
  ofromECCWAddress[11]
  ofromECCWAddress[12]
  ofromECCWAddress[13]
  ofromECCWAddress[14]
  ofromECCWAddress[15]
  ofromECCWAddress[16]
  ofromECCWAddress[17]
  ofromECCWAddress[18]
  ofromECCWAddress[19]
  ofromECCWAddress[1]
  ofromECCWAddress[20]
  ofromECCWAddress[21]
  ofromECCWAddress[22]
  ofromECCWAddress[23]
  ofromECCWAddress[24]
  ofromECCWAddress[25]
  ofromECCWAddress[26]
  ofromECCWAddress[27]
  ofromECCWAddress[28]
  ofromECCWAddress[29]
  ofromECCWAddress[2]
  ofromECCWAddress[30]
  ofromECCWAddress[31]
  ofromECCWAddress[3]
  ofromECCWAddress[4]
  ofromECCWAddress[5]
  ofromECCWAddress[6]
  ofromECCWAddress[7]
  ofromECCWAddress[8]
  ofromECCWAddress[9]
  ofromECCWCmdValid
  ofromECCWData[0]
  ofromECCWData[10]
  ofromECCWData[11]
  ofromECCWData[12]
  ofromECCWData[13]
  ofromECCWData[14]
  ofromECCWData[15]
  ofromECCWData[16]
  ofromECCWData[17]
  ofromECCWData[18]
  ofromECCWData[19]
  ofromECCWData[1]
  ofromECCWData[20]
  ofromECCWData[21]
  ofromECCWData[22]
  ofromECCWData[23]
  ofromECCWData[24]
  ofromECCWData[25]
  ofromECCWData[26]
  ofromECCWData[27]
  ofromECCWData[28]
  ofromECCWData[29]
  ofromECCWData[2]
  ofromECCWData[30]
  ofromECCWData[31]
  ofromECCWData[3]
  ofromECCWData[4]
  ofromECCWData[5]
  ofromECCWData[6]
  ofromECCWData[7]
  ofromECCWData[8]
  ofromECCWData[9]
  ofromECCWLast
  ofromECCWLength[0]
  ofromECCWLength[10]
  ofromECCWLength[11]
  ofromECCWLength[12]
  ofromECCWLength[13]
  ofromECCWLength[14]
  ofromECCWLength[15]
  ofromECCWLength[1]
  ofromECCWLength[2]
  ofromECCWLength[3]
  ofromECCWLength[4]
  ofromECCWLength[5]
  ofromECCWLength[6]
  ofromECCWLength[7]
  ofromECCWLength[8]
  ofromECCWLength[9]
  ofromECCWOpcode[0]
  ofromECCWOpcode[1]
  ofromECCWOpcode[2]
  ofromECCWOpcode[3]
  ofromECCWOpcode[4]
  ofromECCWOpcode[5]
  ofromECCWSourceID[0]
  ofromECCWSourceID[1]
  ofromECCWSourceID[2]
  ofromECCWSourceID[3]
  ofromECCWSourceID[4]
  ofromECCWTargetID[0]
  ofromECCWTargetID[1]
  ofromECCWTargetID[2]
  ofromECCWTargetID[3]
  ofromECCWTargetID[4]
  ofromECCWValid
  _311330_/D
