
55. Executing CHECK pass (checking for obvious problems).
Checking module FMCTop...
Checking module tdpram_32x1024...
Checking module ExtTimeCounter...
Checking module DispAddressDecoder...
Checking module DispRegID...
Checking module DispRegConf...
Checking module DispRegExt...
Checking module DispRegCoreAcc...
Checking module $paramod\DispRegSigBP\NumberOfWays=s32'00000000000000000000000000001000...
Checking module DispScratchpad...
Checking module DispExecutor...
Checking module DispIOCmdBuffer...
Checking module $paramod$d15451a117726a6dc9ecae4eced99154ca5c1fc4\DispDataDriver...
Checking module LFSR8...
Checking module $paramod$80bffcaebd1c2eab63f750f51d4e296daac0c1a9\CompletionCommandChannel...
Checking module $paramod$985e5f173e2167e0e0d7cfc1eccbce790f284f18\CompletionDataChannel...
Checking module $paramod$7e69608b0e35aa17b4f16c443c1f8f6af0d90507\AXI4LiteSlaveInterfaceWriteChannel...
Checking module $paramod$7e69608b0e35aa17b4f16c443c1f8f6af0d90507\AXI4LiteSlaveInterfaceReadChannel...
Checking module $paramod$7e69608b0e35aa17b4f16c443c1f8f6af0d90507\AXI4LiteSlaveInterface...
Checking module $paramod$bf536d3b1ae95a8e75dbf98a95e0ae6c635ffde1\AXI4MasterInterface...
Checking module $paramod$23253501160687806472d032a6f9b467285d0702\Completion...
Checking module $paramod$c10496e59932745ba490e23291b2197a5d4f15d4\ScrambleDecoder...
Checking module $paramod$c10496e59932745ba490e23291b2197a5d4f15d4\ScrambleEncoder...
Checking module $paramod\DispRequestDispatcher\NumberOfWays=s32'00000000000000000000000000001000...
Checking module ComSPBRAMDPControl...
Checking module $paramod$1c733c56abfef29257466cb5ad2a64d735f59b90\SCFIFO_sync...
Checking module $paramod$c13cc500081443e7cd2087a2247a2ef7a67a43fc\SCFIFO_sync...
Checking module SCFIFO_64x64_withCount...
Checking module AutoFIFOPopControl...
Checking module SCFIFO_64x16DR_withCount...
Checking module DispALU...
Found and reported 0 problems.
