
===========================================================================
report_checks -unconstrained
===========================================================================
======================= Typical Corner ===================================

Startpoint: _72788_ (rising edge-triggered flip-flop clocked by iClock)
Endpoint: _72569_ (rising edge-triggered flip-flop clocked by iClock)
Path Group: iClock
Path Type: max

Fanout     Cap    Slew   Delay    Time   Description
-----------------------------------------------------------------------------
                          0.00    0.00   clock iClock (rise edge)
                          0.00    0.00   clock source latency
     1    0.11    0.90    0.66    0.66 ^ iClock (in)
                                         iClock (net)
                  0.90    0.00    0.66 ^ clkbuf_0_iClock/A (sky130_fd_sc_hd__clkbuf_16)
     2    0.07    0.10    0.35    1.01 ^ clkbuf_0_iClock/X (sky130_fd_sc_hd__clkbuf_16)
                                         clknet_0_iClock (net)
                  0.10    0.00    1.01 ^ clkbuf_1_0_0_iClock/A (sky130_fd_sc_hd__clkbuf_8)
     2    0.07    0.13    0.23    1.24 ^ clkbuf_1_0_0_iClock/X (sky130_fd_sc_hd__clkbuf_8)
                                         clknet_1_0_0_iClock (net)
                  0.13    0.00    1.24 ^ clkbuf_2_0_0_iClock/A (sky130_fd_sc_hd__clkbuf_8)
     4    0.09    0.15    0.25    1.49 ^ clkbuf_2_0_0_iClock/X (sky130_fd_sc_hd__clkbuf_8)
                                         clknet_2_0_0_iClock (net)
                  0.15    0.00    1.49 ^ clkbuf_4_0_0_iClock/A (sky130_fd_sc_hd__clkbuf_8)
     8    0.12    0.21    0.30    1.79 ^ clkbuf_4_0_0_iClock/X (sky130_fd_sc_hd__clkbuf_8)
                                         clknet_4_0_0_iClock (net)
                  0.21    0.00    1.79 ^ clkbuf_7_6__f_iClock/A (sky130_fd_sc_hd__clkbuf_16)
    11    0.08    0.10    0.24    2.03 ^ clkbuf_7_6__f_iClock/X (sky130_fd_sc_hd__clkbuf_16)
                                         clknet_7_6__leaf_iClock (net)
                  0.10    0.00    2.03 ^ clkbuf_leaf_882_iClock/A (sky130_fd_sc_hd__clkbuf_8)
    10    0.03    0.06    0.17    2.21 ^ clkbuf_leaf_882_iClock/X (sky130_fd_sc_hd__clkbuf_8)
                                         clknet_leaf_882_iClock (net)
                  0.06    0.00    2.21 ^ _72788_/CLK (sky130_fd_sc_hd__dfxtp_1)
     6    0.02    0.17    0.42    2.62 ^ _72788_/Q (sky130_fd_sc_hd__dfxtp_1)
                                         PageDecoderKES.DC_005.d_S_in_FFM_v_2i_X.i_poly_form_B[10] (net)
                  0.17    0.00    2.62 ^ _39902_/A (sky130_fd_sc_hd__clkbuf_4)
    10    0.04    0.12    0.24    2.87 ^ _39902_/X (sky130_fd_sc_hd__clkbuf_4)
                                         _11441_ (net)
                  0.12    0.00    2.87 ^ _40010_/C (sky130_fd_sc_hd__nand4_1)
     2    0.01    0.11    0.14    3.00 v _40010_/Y (sky130_fd_sc_hd__nand4_1)
                                         _11549_ (net)
                  0.11    0.00    3.00 v _40012_/A2 (sky130_fd_sc_hd__a211oi_1)
     2    0.01    0.27    0.33    3.33 ^ _40012_/Y (sky130_fd_sc_hd__a211oi_1)
                                         _11551_ (net)
                  0.27    0.00    3.33 ^ max_cap5555/A (sky130_fd_sc_hd__clkbuf_1)
     1    0.00    0.05    0.13    3.46 ^ max_cap5555/X (sky130_fd_sc_hd__clkbuf_1)
                                         net5555 (net)
                  0.05    0.00    3.46 ^ _40014_/A2 (sky130_fd_sc_hd__o211ai_1)
     1    0.01    0.09    0.10    3.56 v _40014_/Y (sky130_fd_sc_hd__o211ai_1)
                                         _11553_ (net)
                  0.09    0.00    3.56 v wire5340/A (sky130_fd_sc_hd__clkbuf_2)
     5    0.02    0.09    0.19    3.75 v wire5340/X (sky130_fd_sc_hd__clkbuf_2)
                                         net5340 (net)
                  0.09    0.00    3.75 v _42974_/A2 (sky130_fd_sc_hd__a21oi_1)
     2    0.01    0.16    0.20    3.95 ^ _42974_/Y (sky130_fd_sc_hd__a21oi_1)
                                         _14513_ (net)
                  0.16    0.00    3.95 ^ _42995_/A (sky130_fd_sc_hd__nor4_1)
     1    0.00    0.05    0.08    4.03 v _42995_/Y (sky130_fd_sc_hd__nor4_1)
                                         _14534_ (net)
                  0.05    0.00    4.03 v wire5242/A (sky130_fd_sc_hd__buf_1)
     2    0.01    0.05    0.12    4.15 v wire5242/X (sky130_fd_sc_hd__buf_1)
                                         net5242 (net)
                  0.05    0.00    4.15 v max_cap5241/A (sky130_fd_sc_hd__clkbuf_1)
     1    0.00    0.02    0.09    4.24 v max_cap5241/X (sky130_fd_sc_hd__clkbuf_1)
                                         net5241 (net)
                  0.02    0.00    4.24 v _43020_/A (sky130_fd_sc_hd__or4bb_1)
     2    0.01    0.10    0.54    4.77 v _43020_/X (sky130_fd_sc_hd__or4bb_1)
                                         _14559_ (net)
                  0.10    0.00    4.77 v _43022_/B (sky130_fd_sc_hd__and3_2)
     2    0.02    0.07    0.27    5.04 v _43022_/X (sky130_fd_sc_hd__and3_2)
                                         _14561_ (net)
                  0.07    0.00    5.05 v _43072_/A (sky130_fd_sc_hd__or4_2)
     2    0.01    0.14    0.77    5.82 v _43072_/X (sky130_fd_sc_hd__or4_2)
                                         _14611_ (net)
                  0.14    0.00    5.82 v _43080_/A1 (sky130_fd_sc_hd__a21o_1)
     2    0.01    0.06    0.23    6.04 v _43080_/X (sky130_fd_sc_hd__a21o_1)
                                         _14619_ (net)
                  0.06    0.00    6.04 v _43082_/A2 (sky130_fd_sc_hd__a211oi_2)
     1    0.01    0.26    0.32    6.36 ^ _43082_/Y (sky130_fd_sc_hd__a211oi_2)
                                         _14621_ (net)
                  0.26    0.00    6.36 ^ wire4754/A (sky130_fd_sc_hd__clkbuf_2)
     2    0.01    0.08    0.21    6.56 ^ wire4754/X (sky130_fd_sc_hd__clkbuf_2)
                                         net4754 (net)
                  0.08    0.00    6.56 ^ max_cap4753/A (sky130_fd_sc_hd__buf_1)
     1    0.01    0.12    0.15    6.72 ^ max_cap4753/X (sky130_fd_sc_hd__buf_1)
                                         net4753 (net)
                  0.12    0.00    6.72 ^ _43084_/A2 (sky130_fd_sc_hd__o211ai_4)
     1    0.01    0.09    0.10    6.82 v _43084_/Y (sky130_fd_sc_hd__o211ai_4)
                                         _14623_ (net)
                  0.09    0.00    6.82 v wire4658/A (sky130_fd_sc_hd__clkbuf_4)
     4    0.02    0.06    0.19    7.01 v wire4658/X (sky130_fd_sc_hd__clkbuf_4)
                                         net4658 (net)
                  0.06    0.00    7.01 v _43085_/B (sky130_fd_sc_hd__and2_1)
     1    0.00    0.03    0.16    7.18 v _43085_/X (sky130_fd_sc_hd__and2_1)
                                         _14624_ (net)
                  0.03    0.00    7.18 v _43086_/A (sky130_fd_sc_hd__buf_4)
     8    0.05    0.07    0.18    7.36 v _43086_/X (sky130_fd_sc_hd__buf_4)
                                         _14625_ (net)
                  0.07    0.00    7.36 v _45572_/A (sky130_fd_sc_hd__clkbuf_8)
    10    0.07    0.09    0.21    7.57 v _45572_/X (sky130_fd_sc_hd__clkbuf_8)
                                         _17098_ (net)
                  0.09    0.00    7.57 v _45573_/A (sky130_fd_sc_hd__buf_4)
    10    0.06    0.08    0.22    7.80 v _45573_/X (sky130_fd_sc_hd__buf_4)
                                         _17099_ (net)
                  0.08    0.00    7.80 v _45574_/D (sky130_fd_sc_hd__or4_2)
     1    0.01    0.14    0.65    8.45 v _45574_/X (sky130_fd_sc_hd__or4_2)
                                         _17100_ (net)
                  0.14    0.00    8.45 v _45575_/D (sky130_fd_sc_hd__or4_1)
     1    0.01    0.11    0.48    8.93 v _45575_/X (sky130_fd_sc_hd__or4_1)
                                         _17101_ (net)
                  0.11    0.00    8.93 v _45576_/D (sky130_fd_sc_hd__or4_4)
     2    0.02    0.11    0.50    9.43 v _45576_/X (sky130_fd_sc_hd__or4_4)
                                         _17102_ (net)
                  0.11    0.00    9.43 v _45601_/B (sky130_fd_sc_hd__nor3_1)
     2    0.01    0.28    0.30    9.73 ^ _45601_/Y (sky130_fd_sc_hd__nor3_1)
                                         _17127_ (net)
                  0.28    0.00    9.73 ^ max_cap4265/A (sky130_fd_sc_hd__clkbuf_2)
     2    0.01    0.08    0.21    9.94 ^ max_cap4265/X (sky130_fd_sc_hd__clkbuf_2)
                                         net4265 (net)
                  0.08    0.00    9.94 ^ _46583_/B (sky130_fd_sc_hd__or2_1)
     1    0.01    0.07    0.13   10.07 ^ _46583_/X (sky130_fd_sc_hd__or2_1)
                                         _18084_ (net)
                  0.07    0.00   10.07 ^ _46584_/A (sky130_fd_sc_hd__buf_2)
     5    0.03    0.16    0.21   10.28 ^ _46584_/X (sky130_fd_sc_hd__buf_2)
                                         _18085_ (net)
                  0.16    0.00   10.28 ^ _46585_/A (sky130_fd_sc_hd__clkbuf_8)
    10    0.07    0.12    0.24   10.52 ^ _46585_/X (sky130_fd_sc_hd__clkbuf_8)
                                         _18086_ (net)
                  0.13    0.01   10.53 ^ _54494_/A (sky130_fd_sc_hd__buf_4)
    10    0.06    0.17    0.24   10.77 ^ _54494_/X (sky130_fd_sc_hd__buf_4)
                                         _25733_ (net)
                  0.17    0.00   10.78 ^ _54509_/A2 (sky130_fd_sc_hd__o211a_1)
     1    0.00    0.04    0.16   10.94 ^ _54509_/X (sky130_fd_sc_hd__o211a_1)
                                         _25746_ (net)
                  0.04    0.00   10.94 ^ _54510_/B1 (sky130_fd_sc_hd__a21oi_1)
     1    0.01    0.08    0.05   10.99 v _54510_/Y (sky130_fd_sc_hd__a21oi_1)
                                         _25747_ (net)
                  0.08    0.00   10.99 v _54511_/B (sky130_fd_sc_hd__nor2_1)
     1    0.01    0.16    0.16   11.16 ^ _54511_/Y (sky130_fd_sc_hd__nor2_1)
                                         _03277_ (net)
                  0.16    0.00   11.16 ^ wire4110/A (sky130_fd_sc_hd__clkbuf_2)
     1    0.02    0.11    0.20   11.36 ^ wire4110/X (sky130_fd_sc_hd__clkbuf_2)
                                         net4110 (net)
                  0.11    0.00   11.36 ^ _72569_/D (sky130_fd_sc_hd__dfxtp_4)
                                 11.36   data arrival time

                         15.00   15.00   clock iClock (rise edge)
                          0.00   15.00   clock source latency
     1    0.11    0.90    0.60   15.60 ^ iClock (in)
                                         iClock (net)
                  0.90    0.00   15.60 ^ clkbuf_0_iClock/A (sky130_fd_sc_hd__clkbuf_16)
     2    0.07    0.10    0.32   15.91 ^ clkbuf_0_iClock/X (sky130_fd_sc_hd__clkbuf_16)
                                         clknet_0_iClock (net)
                  0.10    0.00   15.91 ^ clkbuf_1_1_0_iClock/A (sky130_fd_sc_hd__clkbuf_8)
     2    0.07    0.13    0.20   16.12 ^ clkbuf_1_1_0_iClock/X (sky130_fd_sc_hd__clkbuf_8)
                                         clknet_1_1_0_iClock (net)
                  0.13    0.00   16.12 ^ clkbuf_2_3_0_iClock/A (sky130_fd_sc_hd__clkbuf_8)
     4    0.08    0.15    0.23   16.35 ^ clkbuf_2_3_0_iClock/X (sky130_fd_sc_hd__clkbuf_8)
                                         clknet_2_3_0_iClock (net)
                  0.15    0.00   16.35 ^ clkbuf_4_13_0_iClock/A (sky130_fd_sc_hd__clkbuf_8)
     8    0.13    0.23    0.28   16.63 ^ clkbuf_4_13_0_iClock/X (sky130_fd_sc_hd__clkbuf_8)
                                         clknet_4_13_0_iClock (net)
                  0.23    0.00   16.63 ^ clkbuf_7_105__f_iClock/A (sky130_fd_sc_hd__clkbuf_16)
     7    0.06    0.08    0.20   16.83 ^ clkbuf_7_105__f_iClock/X (sky130_fd_sc_hd__clkbuf_16)
                                         clknet_7_105__leaf_iClock (net)
                  0.08    0.00   16.83 ^ clkbuf_leaf_307_iClock/A (sky130_fd_sc_hd__clkbuf_8)
     4    0.01    0.04    0.13   16.96 ^ clkbuf_leaf_307_iClock/X (sky130_fd_sc_hd__clkbuf_8)
                                         clknet_leaf_307_iClock (net)
                  0.04    0.00   16.96 ^ _72569_/CLK (sky130_fd_sc_hd__dfxtp_4)
                         -0.20   16.76   clock uncertainty
                          0.10   16.86   clock reconvergence pessimism
                         -0.08   16.78   library setup time
                                 16.78   data required time
-----------------------------------------------------------------------------
                                 16.78   data required time
                                -11.36   data arrival time
-----------------------------------------------------------------------------
                                  5.42   slack (MET)




===========================================================================
report_checks --slack_max -0.01
============================================================================
======================= Typical Corner ===================================

No paths found.


===========================================================================
 report_check_types -max_slew -max_cap -max_fanout -violators
============================================================================
======================= Typical Corner ===================================

max slew

Pin                                    Limit    Slew   Slack
------------------------------------------------------------
clkbuf_0_iClock/A                       0.50    0.90   -0.40 (VIOLATED)
iClock                                  0.50    0.90   -0.40 (VIOLATED)

max fanout

Pin                                   Limit Fanout  Slack
---------------------------------------------------------
clkbuf_leaf_492_iClock/X                 25     26        (VIOLATED)
clkbuf_leaf_581_iClock/X                 25     26        (VIOLATED)


max slew violations count Typical: 2
max fanout violations count Typical: 2
max cap violations count Typical: 0

===========================================================================
report_parasitic_annotation -report_unannotated
============================================================================
Found 844 unannotated drivers.
 SharedKESTop_5868/HI
 SharedKESTop_5869/HI
 SharedKESTop_5870/HI
 SharedKESTop_5871/HI
 SharedKESTop_5872/HI
 SharedKESTop_5873/HI
 SharedKESTop_5874/HI
 SharedKESTop_5875/HI
 SharedKESTop_5876/HI
 SharedKESTop_5877/HI
 SharedKESTop_5878/HI
 SharedKESTop_5879/HI
 SharedKESTop_5880/HI
 SharedKESTop_5881/HI
 SharedKESTop_5882/HI
 SharedKESTop_5883/HI
 SharedKESTop_5884/HI
 SharedKESTop_5885/HI
 SharedKESTop_5886/HI
 SharedKESTop_5887/HI
 SharedKESTop_5888/HI
 SharedKESTop_5889/HI
 SharedKESTop_5890/HI
 SharedKESTop_5891/HI
 SharedKESTop_5892/HI
 SharedKESTop_5893/HI
 SharedKESTop_5894/HI
 SharedKESTop_5895/HI
 SharedKESTop_5896/HI
 SharedKESTop_5897/HI
 SharedKESTop_5898/HI
 SharedKESTop_5899/HI
 SharedKESTop_5900/HI
 SharedKESTop_5901/HI
 SharedKESTop_5902/HI
 SharedKESTop_5903/HI
 SharedKESTop_5904/HI
 SharedKESTop_5905/HI
 SharedKESTop_5906/HI
 SharedKESTop_5907/HI
 clkload0/Y
 clkload1/Y
 clkload10/Y
 clkload100/Y
 clkload101/Y
 clkload102/Y
 clkload103/Y
 clkload104/Y
 clkload105/Y
 clkload106/Y
 clkload107/Y
 clkload108/Y
 clkload109/Y
 clkload11/Y
 clkload110/Y
 clkload111/Y
 clkload112/Y
 clkload113/Y
 clkload114/Y
 clkload115/Y
 clkload116/Y
 clkload117/Y
 clkload118/Y
 clkload119/Y
 clkload12/Y
 clkload120/Y
 clkload121/Y
 clkload122/Y
 clkload123/X
 clkload124/Y
 clkload125/Y
 clkload126/Y
 clkload127/Y
 clkload128/Y
 clkload129/Y
 clkload13/Y
 clkload130/Y
 clkload131/Y
 clkload132/Y
 clkload133/Y
 clkload134/Y
 clkload135/Y
 clkload136/Y
 clkload137/Y
 clkload138/Y
 clkload139/Y
 clkload14/Y
 clkload140/Y
 clkload141/Y
 clkload142/Y
 clkload143/X
 clkload144/Y
 clkload145/X
 clkload146/Y
 clkload147/X
 clkload148/Y
 clkload149/Y
 clkload15/Y
 clkload150/Y
 clkload151/Y
 clkload152/Y
 clkload153/Y
 clkload154/Y
 clkload155/Y
 clkload156/Y
 clkload157/Y
 clkload158/X
 clkload159/Y
 clkload16/Y
 clkload160/Y
 clkload161/Y
 clkload162/Y
 clkload163/Y
 clkload164/Y
 clkload165/Y
 clkload166/Y
 clkload167/Y
 clkload168/Y
 clkload169/Y
 clkload17/Y
 clkload170/Y
 clkload171/Y
 clkload172/Y
 clkload173/Y
 clkload174/Y
 clkload175/Y
 clkload176/Y
 clkload177/Y
 clkload178/Y
 clkload179/Y
 clkload18/X
 clkload180/Y
 clkload181/Y
 clkload182/Y
 clkload183/Y
 clkload184/Y
 clkload185/Y
 clkload186/Y
 clkload187/Y
 clkload188/Y
 clkload189/Y
 clkload19/Y
 clkload190/Y
 clkload191/Y
 clkload192/X
 clkload193/Y
 clkload194/Y
 clkload195/Y
 clkload196/Y
 clkload197/Y
 clkload198/Y
 clkload199/Y
 clkload2/Y
 clkload20/Y
 clkload200/Y
 clkload201/Y
 clkload202/Y
 clkload203/Y
 clkload204/Y
 clkload205/Y
 clkload206/Y
 clkload207/Y
 clkload208/Y
 clkload209/Y
 clkload21/Y
 clkload210/Y
 clkload211/Y
 clkload212/Y
 clkload213/Y
 clkload214/Y
 clkload215/Y
 clkload216/Y
 clkload217/Y
 clkload218/Y
 clkload219/X
 clkload22/Y
 clkload220/Y
 clkload221/Y
 clkload222/Y
 clkload223/Y
 clkload224/Y
 clkload225/Y
 clkload226/Y
 clkload227/Y
 clkload228/Y
 clkload229/Y
 clkload23/Y
 clkload230/Y
 clkload231/Y
 clkload232/Y
 clkload233/Y
 clkload234/Y
 clkload235/Y
 clkload236/Y
 clkload237/Y
 clkload238/Y
 clkload239/Y
 clkload24/Y
 clkload240/Y
 clkload241/Y
 clkload242/Y
 clkload243/Y
 clkload244/Y
 clkload245/Y
 clkload246/Y
 clkload247/Y
 clkload248/Y
 clkload249/X
 clkload25/Y
 clkload250/Y
 clkload251/Y
 clkload252/Y
 clkload253/Y
 clkload254/Y
 clkload255/Y
 clkload256/Y
 clkload257/Y
 clkload258/Y
 clkload259/Y
 clkload26/Y
 clkload260/Y
 clkload261/Y
 clkload262/Y
 clkload263/Y
 clkload264/Y
 clkload265/Y
 clkload266/Y
 clkload267/Y
 clkload268/X
 clkload269/Y
 clkload27/Y
 clkload270/Y
 clkload271/X
 clkload272/Y
 clkload273/Y
 clkload274/Y
 clkload275/Y
 clkload276/Y
 clkload277/Y
 clkload278/Y
 clkload279/Y
 clkload28/Y
 clkload280/Y
 clkload281/Y
 clkload282/Y
 clkload283/Y
 clkload284/Y
 clkload285/Y
 clkload286/Y
 clkload287/Y
 clkload288/Y
 clkload289/Y
 clkload29/Y
 clkload290/Y
 clkload291/Y
 clkload292/Y
 clkload293/Y
 clkload294/Y
 clkload295/Y
 clkload296/Y
 clkload297/Y
 clkload298/Y
 clkload299/Y
 clkload3/Y
 clkload30/Y
 clkload300/Y
 clkload301/Y
 clkload302/Y
 clkload303/Y
 clkload304/Y
 clkload305/X
 clkload306/Y
 clkload307/Y
 clkload308/Y
 clkload309/Y
 clkload31/Y
 clkload310/Y
 clkload311/Y
 clkload312/Y
 clkload313/Y
 clkload314/Y
 clkload315/Y
 clkload316/Y
 clkload317/Y
 clkload318/Y
 clkload319/Y
 clkload32/Y
 clkload320/Y
 clkload321/Y
 clkload322/Y
 clkload323/Y
 clkload324/Y
 clkload325/Y
 clkload326/X
 clkload327/Y
 clkload328/X
 clkload329/X
 clkload33/Y
 clkload330/Y
 clkload331/Y
 clkload332/Y
 clkload333/Y
 clkload334/Y
 clkload335/Y
 clkload336/X
 clkload337/Y
 clkload338/Y
 clkload339/Y
 clkload34/Y
 clkload340/Y
 clkload341/Y
 clkload342/X
 clkload343/Y
 clkload344/Y
 clkload345/Y
 clkload346/Y
 clkload347/Y
 clkload348/Y
 clkload349/Y
 clkload35/Y
 clkload350/Y
 clkload351/Y
 clkload352/Y
 clkload353/Y
 clkload354/Y
 clkload355/Y
 clkload356/Y
 clkload357/Y
 clkload358/Y
 clkload359/Y
 clkload36/Y
 clkload360/Y
 clkload361/X
 clkload362/Y
 clkload363/X
 clkload364/Y
 clkload365/X
 clkload366/Y
 clkload367/Y
 clkload368/Y
 clkload369/Y
 clkload37/Y
 clkload370/Y
 clkload371/Y
 clkload372/Y
 clkload373/Y
 clkload374/X
 clkload375/Y
 clkload376/Y
 clkload377/Y
 clkload378/Y
 clkload379/Y
 clkload38/Y
 clkload380/Y
 clkload381/Y
 clkload382/X
 clkload383/Y
 clkload384/Y
 clkload385/Y
 clkload386/Y
 clkload387/Y
 clkload388/Y
 clkload389/Y
 clkload39/Y
 clkload390/Y
 clkload391/Y
 clkload392/Y
 clkload393/Y
 clkload394/Y
 clkload395/Y
 clkload396/Y
 clkload397/Y
 clkload398/Y
 clkload399/Y
 clkload4/Y
 clkload40/Y
 clkload400/Y
 clkload401/Y
 clkload402/Y
 clkload403/Y
 clkload404/Y
 clkload405/Y
 clkload406/Y
 clkload407/Y
 clkload408/Y
 clkload409/Y
 clkload41/Y
 clkload410/Y
 clkload411/Y
 clkload412/Y
 clkload413/Y
 clkload414/Y
 clkload415/Y
 clkload416/Y
 clkload417/Y
 clkload418/Y
 clkload419/Y
 clkload42/Y
 clkload420/Y
 clkload421/Y
 clkload422/Y
 clkload423/Y
 clkload424/Y
 clkload425/Y
 clkload426/Y
 clkload427/Y
 clkload428/Y
 clkload429/Y
 clkload43/Y
 clkload430/Y
 clkload431/Y
 clkload432/Y
 clkload433/Y
 clkload434/Y
 clkload435/Y
 clkload436/Y
 clkload437/Y
 clkload438/Y
 clkload439/Y
 clkload44/Y
 clkload440/Y
 clkload441/Y
 clkload442/Y
 clkload443/Y
 clkload444/Y
 clkload445/Y
 clkload446/Y
 clkload447/Y
 clkload448/Y
 clkload449/Y
 clkload45/Y
 clkload450/Y
 clkload451/Y
 clkload452/Y
 clkload453/Y
 clkload454/Y
 clkload455/Y
 clkload456/Y
 clkload457/Y
 clkload458/Y
 clkload459/Y
 clkload46/Y
 clkload460/Y
 clkload461/Y
 clkload462/Y
 clkload463/Y
 clkload464/Y
 clkload465/Y
 clkload466/Y
 clkload467/Y
 clkload468/Y
 clkload469/Y
 clkload47/Y
 clkload470/Y
 clkload471/Y
 clkload472/Y
 clkload473/Y
 clkload474/Y
 clkload475/Y
 clkload476/Y
 clkload477/Y
 clkload478/X
 clkload479/Y
 clkload48/Y
 clkload480/X
 clkload481/X
 clkload482/X
 clkload483/X
 clkload484/Y
 clkload485/Y
 clkload486/Y
 clkload487/Y
 clkload488/Y
 clkload489/Y
 clkload49/Y
 clkload490/Y
 clkload491/Y
 clkload492/Y
 clkload493/Y
 clkload494/Y
 clkload495/Y
 clkload496/X
 clkload497/X
 clkload498/X
 clkload499/X
 clkload5/Y
 clkload50/Y
 clkload500/X
 clkload501/Y
 clkload502/Y
 clkload503/X
 clkload504/Y
 clkload505/Y
 clkload506/Y
 clkload507/Y
 clkload508/Y
 clkload509/Y
 clkload51/Y
 clkload510/Y
 clkload511/Y
 clkload512/Y
 clkload513/Y
 clkload514/Y
 clkload515/Y
 clkload516/Y
 clkload517/X
 clkload518/X
 clkload519/Y
 clkload52/Y
 clkload520/Y
 clkload521/Y
 clkload522/Y
 clkload523/Y
 clkload524/Y
 clkload525/Y
 clkload526/Y
 clkload527/Y
 clkload528/Y
 clkload529/Y
 clkload53/Y
 clkload530/Y
 clkload531/Y
 clkload532/Y
 clkload533/Y
 clkload534/Y
 clkload535/Y
 clkload536/Y
 clkload537/Y
 clkload538/Y
 clkload539/Y
 clkload54/Y
 clkload540/Y
 clkload541/Y
 clkload542/Y
 clkload543/Y
 clkload544/Y
 clkload545/Y
 clkload546/Y
 clkload547/Y
 clkload548/Y
 clkload549/Y
 clkload55/X
 clkload550/Y
 clkload551/Y
 clkload552/Y
 clkload553/Y
 clkload554/Y
 clkload555/Y
 clkload556/Y
 clkload557/Y
 clkload558/Y
 clkload559/Y
 clkload56/Y
 clkload560/Y
 clkload561/Y
 clkload562/Y
 clkload563/Y
 clkload564/Y
 clkload565/Y
 clkload566/Y
 clkload567/Y
 clkload568/Y
 clkload569/Y
 clkload57/Y
 clkload570/Y
 clkload571/Y
 clkload572/Y
 clkload573/Y
 clkload574/Y
 clkload575/X
 clkload576/X
 clkload577/Y
 clkload578/Y
 clkload579/X
 clkload58/Y
 clkload580/Y
 clkload581/Y
 clkload582/Y
 clkload583/Y
 clkload584/Y
 clkload585/Y
 clkload586/Y
 clkload587/Y
 clkload588/Y
 clkload589/Y
 clkload59/Y
 clkload590/Y
 clkload591/Y
 clkload592/Y
 clkload593/X
 clkload594/X
 clkload595/X
 clkload596/X
 clkload597/Y
 clkload598/Y
 clkload599/Y
 clkload6/Y
 clkload60/Y
 clkload600/Y
 clkload601/Y
 clkload602/Y
 clkload603/Y
 clkload604/Y
 clkload605/X
 clkload606/Y
 clkload607/Y
 clkload608/Y
 clkload609/Y
 clkload61/Y
 clkload610/Y
 clkload611/X
 clkload612/Y
 clkload613/Y
 clkload614/Y
 clkload615/Y
 clkload616/Y
 clkload617/Y
 clkload618/Y
 clkload619/X
 clkload62/Y
 clkload620/Y
 clkload621/Y
 clkload622/Y
 clkload623/Y
 clkload624/Y
 clkload625/Y
 clkload626/Y
 clkload627/Y
 clkload628/X
 clkload629/Y
 clkload63/Y
 clkload630/Y
 clkload631/Y
 clkload632/X
 clkload633/X
 clkload634/Y
 clkload635/Y
 clkload636/Y
 clkload637/Y
 clkload638/X
 clkload639/Y
 clkload64/Y
 clkload640/X
 clkload641/Y
 clkload642/Y
 clkload643/Y
 clkload644/Y
 clkload645/Y
 clkload646/Y
 clkload647/Y
 clkload648/Y
 clkload649/Y
 clkload65/Y
 clkload650/Y
 clkload651/Y
 clkload652/Y
 clkload653/Y
 clkload654/Y
 clkload655/Y
 clkload656/Y
 clkload657/Y
 clkload658/Y
 clkload659/Y
 clkload66/Y
 clkload660/Y
 clkload661/Y
 clkload662/Y
 clkload663/Y
 clkload664/Y
 clkload665/Y
 clkload666/Y
 clkload667/Y
 clkload668/X
 clkload669/X
 clkload67/Y
 clkload670/X
 clkload671/X
 clkload672/X
 clkload673/X
 clkload674/X
 clkload675/X
 clkload676/X
 clkload677/X
 clkload678/X
 clkload679/Y
 clkload68/Y
 clkload680/Y
 clkload681/X
 clkload682/Y
 clkload683/Y
 clkload684/Y
 clkload685/Y
 clkload686/Y
 clkload687/Y
 clkload688/Y
 clkload689/Y
 clkload69/Y
 clkload690/Y
 clkload691/Y
 clkload692/Y
 clkload693/Y
 clkload694/Y
 clkload695/Y
 clkload696/Y
 clkload697/X
 clkload698/Y
 clkload699/Y
 clkload7/Y
 clkload70/Y
 clkload700/Y
 clkload701/Y
 clkload702/Y
 clkload703/Y
 clkload704/X
 clkload705/X
 clkload706/Y
 clkload707/Y
 clkload708/Y
 clkload709/Y
 clkload71/Y
 clkload710/Y
 clkload711/Y
 clkload712/Y
 clkload713/Y
 clkload714/Y
 clkload715/Y
 clkload716/Y
 clkload717/Y
 clkload718/Y
 clkload719/Y
 clkload72/Y
 clkload720/Y
 clkload721/Y
 clkload722/Y
 clkload723/Y
 clkload724/Y
 clkload725/Y
 clkload726/Y
 clkload727/Y
 clkload728/Y
 clkload729/Y
 clkload73/Y
 clkload730/Y
 clkload731/Y
 clkload732/Y
 clkload733/Y
 clkload734/Y
 clkload735/Y
 clkload736/Y
 clkload737/Y
 clkload738/Y
 clkload739/Y
 clkload74/Y
 clkload740/Y
 clkload741/Y
 clkload742/Y
 clkload743/Y
 clkload744/Y
 clkload745/Y
 clkload746/Y
 clkload747/Y
 clkload748/Y
 clkload749/X
 clkload75/Y
 clkload750/X
 clkload751/Y
 clkload752/Y
 clkload753/Y
 clkload754/Y
 clkload755/Y
 clkload756/Y
 clkload757/Y
 clkload758/Y
 clkload759/Y
 clkload76/Y
 clkload760/Y
 clkload761/Y
 clkload762/Y
 clkload763/Y
 clkload764/Y
 clkload765/Y
 clkload766/X
 clkload767/Y
 clkload768/Y
 clkload769/Y
 clkload77/Y
 clkload770/Y
 clkload771/Y
 clkload772/Y
 clkload773/Y
 clkload774/Y
 clkload775/Y
 clkload776/Y
 clkload777/Y
 clkload778/Y
 clkload779/X
 clkload78/Y
 clkload780/Y
 clkload781/Y
 clkload782/Y
 clkload783/Y
 clkload784/Y
 clkload785/Y
 clkload786/Y
 clkload787/Y
 clkload788/Y
 clkload789/Y
 clkload79/Y
 clkload790/Y
 clkload791/Y
 clkload792/Y
 clkload793/Y
 clkload794/Y
 clkload795/X
 clkload796/Y
 clkload797/Y
 clkload798/Y
 clkload799/Y
 clkload8/Y
 clkload80/Y
 clkload800/Y
 clkload801/Y
 clkload802/Y
 clkload803/X
 clkload81/Y
 clkload82/Y
 clkload83/Y
 clkload84/Y
 clkload85/Y
 clkload86/Y
 clkload87/Y
 clkload88/Y
 clkload89/Y
 clkload9/Y
 clkload90/Y
 clkload91/Y
 clkload92/Y
 clkload93/Y
 clkload94/Y
 clkload95/Y
 clkload96/Y
 clkload97/Y
 clkload98/Y
 clkload99/Y
Found 0 partially unannotated drivers.

===========================================================================
max slew violation count 2
max fanout violation count 2
max cap violation count 0
============================================================================

===========================================================================
check_setup -verbose -unconstrained_endpoints -multiple_clock -no_clock -no_input_delay -loops -generated_clocks
===========================================================================
Warning: There are 2613 input ports missing set_input_delay.
  iCSAvailable_0
  iCSAvailable_1
  iCSAvailable_2
  iCSAvailable_3
  iDecodeNeeded_0[0]
  iDecodeNeeded_0[1]
  iDecodeNeeded_1[0]
  iDecodeNeeded_1[1]
  iDecodeNeeded_2[0]
  iDecodeNeeded_2[1]
  iDecodeNeeded_3[0]
  iDecodeNeeded_3[1]
  iErrorDetectionEnd_0[0]
  iErrorDetectionEnd_0[1]
  iErrorDetectionEnd_1[0]
  iErrorDetectionEnd_1[1]
  iErrorDetectionEnd_2[0]
  iErrorDetectionEnd_2[1]
  iErrorDetectionEnd_3[0]
  iErrorDetectionEnd_3[1]
  iReset
  iSyndromes_0[0]
  iSyndromes_0[100]
  iSyndromes_0[101]
  iSyndromes_0[102]
  iSyndromes_0[103]
  iSyndromes_0[104]
  iSyndromes_0[105]
  iSyndromes_0[106]
  iSyndromes_0[107]
  iSyndromes_0[108]
  iSyndromes_0[109]
  iSyndromes_0[10]
  iSyndromes_0[110]
  iSyndromes_0[111]
  iSyndromes_0[112]
  iSyndromes_0[113]
  iSyndromes_0[114]
  iSyndromes_0[115]
  iSyndromes_0[116]
  iSyndromes_0[117]
  iSyndromes_0[118]
  iSyndromes_0[119]
  iSyndromes_0[11]
  iSyndromes_0[120]
  iSyndromes_0[121]
  iSyndromes_0[122]
  iSyndromes_0[123]
  iSyndromes_0[124]
  iSyndromes_0[125]
  iSyndromes_0[126]
  iSyndromes_0[127]
  iSyndromes_0[128]
  iSyndromes_0[129]
  iSyndromes_0[12]
  iSyndromes_0[130]
  iSyndromes_0[131]
  iSyndromes_0[132]
  iSyndromes_0[133]
  iSyndromes_0[134]
  iSyndromes_0[135]
  iSyndromes_0[136]
  iSyndromes_0[137]
  iSyndromes_0[138]
  iSyndromes_0[139]
  iSyndromes_0[13]
  iSyndromes_0[140]
  iSyndromes_0[141]
  iSyndromes_0[142]
  iSyndromes_0[143]
  iSyndromes_0[144]
  iSyndromes_0[145]
  iSyndromes_0[146]
  iSyndromes_0[147]
  iSyndromes_0[148]
  iSyndromes_0[149]
  iSyndromes_0[14]
  iSyndromes_0[150]
  iSyndromes_0[151]
  iSyndromes_0[152]
  iSyndromes_0[153]
  iSyndromes_0[154]
  iSyndromes_0[155]
  iSyndromes_0[156]
  iSyndromes_0[157]
  iSyndromes_0[158]
  iSyndromes_0[159]
  iSyndromes_0[15]
  iSyndromes_0[160]
  iSyndromes_0[161]
  iSyndromes_0[162]
  iSyndromes_0[163]
  iSyndromes_0[164]
  iSyndromes_0[165]
  iSyndromes_0[166]
  iSyndromes_0[167]
  iSyndromes_0[168]
  iSyndromes_0[169]
  iSyndromes_0[16]
  iSyndromes_0[170]
  iSyndromes_0[171]
  iSyndromes_0[172]
  iSyndromes_0[173]
  iSyndromes_0[174]
  iSyndromes_0[175]
  iSyndromes_0[176]
  iSyndromes_0[177]
  iSyndromes_0[178]
  iSyndromes_0[179]
  iSyndromes_0[17]
  iSyndromes_0[180]
  iSyndromes_0[181]
  iSyndromes_0[182]
  iSyndromes_0[183]
  iSyndromes_0[184]
  iSyndromes_0[185]
  iSyndromes_0[186]
  iSyndromes_0[187]
  iSyndromes_0[188]
  iSyndromes_0[189]
  iSyndromes_0[18]
  iSyndromes_0[190]
  iSyndromes_0[191]
  iSyndromes_0[192]
  iSyndromes_0[193]
  iSyndromes_0[194]
  iSyndromes_0[195]
  iSyndromes_0[196]
  iSyndromes_0[197]
  iSyndromes_0[198]
  iSyndromes_0[199]
  iSyndromes_0[19]
  iSyndromes_0[1]
  iSyndromes_0[200]
  iSyndromes_0[201]
  iSyndromes_0[202]
  iSyndromes_0[203]
  iSyndromes_0[204]
  iSyndromes_0[205]
  iSyndromes_0[206]
  iSyndromes_0[207]
  iSyndromes_0[208]
  iSyndromes_0[209]
  iSyndromes_0[20]
  iSyndromes_0[210]
  iSyndromes_0[211]
  iSyndromes_0[212]
  iSyndromes_0[213]
  iSyndromes_0[214]
  iSyndromes_0[215]
  iSyndromes_0[216]
  iSyndromes_0[217]
  iSyndromes_0[218]
  iSyndromes_0[219]
  iSyndromes_0[21]
  iSyndromes_0[220]
  iSyndromes_0[221]
  iSyndromes_0[222]
  iSyndromes_0[223]
  iSyndromes_0[224]
  iSyndromes_0[225]
  iSyndromes_0[226]
  iSyndromes_0[227]
  iSyndromes_0[228]
  iSyndromes_0[229]
  iSyndromes_0[22]
  iSyndromes_0[230]
  iSyndromes_0[231]
  iSyndromes_0[232]
  iSyndromes_0[233]
  iSyndromes_0[234]
  iSyndromes_0[235]
  iSyndromes_0[236]
  iSyndromes_0[237]
  iSyndromes_0[238]
  iSyndromes_0[239]
  iSyndromes_0[23]
  iSyndromes_0[240]
  iSyndromes_0[241]
  iSyndromes_0[242]
  iSyndromes_0[243]
  iSyndromes_0[244]
  iSyndromes_0[245]
  iSyndromes_0[246]
  iSyndromes_0[247]
  iSyndromes_0[248]
  iSyndromes_0[249]
  iSyndromes_0[24]
  iSyndromes_0[250]
  iSyndromes_0[251]
  iSyndromes_0[252]
  iSyndromes_0[253]
  iSyndromes_0[254]
  iSyndromes_0[255]
  iSyndromes_0[256]
  iSyndromes_0[257]
  iSyndromes_0[258]
  iSyndromes_0[259]
  iSyndromes_0[25]
  iSyndromes_0[260]
  iSyndromes_0[261]
  iSyndromes_0[262]
  iSyndromes_0[263]
  iSyndromes_0[264]
  iSyndromes_0[265]
  iSyndromes_0[266]
  iSyndromes_0[267]
  iSyndromes_0[268]
  iSyndromes_0[269]
  iSyndromes_0[26]
  iSyndromes_0[270]
  iSyndromes_0[271]
  iSyndromes_0[272]
  iSyndromes_0[273]
  iSyndromes_0[274]
  iSyndromes_0[275]
  iSyndromes_0[276]
  iSyndromes_0[277]
  iSyndromes_0[278]
  iSyndromes_0[279]
  iSyndromes_0[27]
  iSyndromes_0[280]
  iSyndromes_0[281]
  iSyndromes_0[282]
  iSyndromes_0[283]
  iSyndromes_0[284]
  iSyndromes_0[285]
  iSyndromes_0[286]
  iSyndromes_0[287]
  iSyndromes_0[288]
  iSyndromes_0[289]
  iSyndromes_0[28]
  iSyndromes_0[290]
  iSyndromes_0[291]
  iSyndromes_0[292]
  iSyndromes_0[293]
  iSyndromes_0[294]
  iSyndromes_0[295]
  iSyndromes_0[296]
  iSyndromes_0[297]
  iSyndromes_0[298]
  iSyndromes_0[299]
  iSyndromes_0[29]
  iSyndromes_0[2]
  iSyndromes_0[300]
  iSyndromes_0[301]
  iSyndromes_0[302]
  iSyndromes_0[303]
  iSyndromes_0[304]
  iSyndromes_0[305]
  iSyndromes_0[306]
  iSyndromes_0[307]
  iSyndromes_0[308]
  iSyndromes_0[309]
  iSyndromes_0[30]
  iSyndromes_0[310]
  iSyndromes_0[311]
  iSyndromes_0[312]
  iSyndromes_0[313]
  iSyndromes_0[314]
  iSyndromes_0[315]
  iSyndromes_0[316]
  iSyndromes_0[317]
  iSyndromes_0[318]
  iSyndromes_0[319]
  iSyndromes_0[31]
  iSyndromes_0[320]
  iSyndromes_0[321]
  iSyndromes_0[322]
  iSyndromes_0[323]
  iSyndromes_0[324]
  iSyndromes_0[325]
  iSyndromes_0[326]
  iSyndromes_0[327]
  iSyndromes_0[328]
  iSyndromes_0[329]
  iSyndromes_0[32]
  iSyndromes_0[330]
  iSyndromes_0[331]
  iSyndromes_0[332]
  iSyndromes_0[333]
  iSyndromes_0[334]
  iSyndromes_0[335]
  iSyndromes_0[336]
  iSyndromes_0[337]
  iSyndromes_0[338]
  iSyndromes_0[339]
  iSyndromes_0[33]
  iSyndromes_0[340]
  iSyndromes_0[341]
  iSyndromes_0[342]
  iSyndromes_0[343]
  iSyndromes_0[344]
  iSyndromes_0[345]
  iSyndromes_0[346]
  iSyndromes_0[347]
  iSyndromes_0[348]
  iSyndromes_0[349]
  iSyndromes_0[34]
  iSyndromes_0[350]
  iSyndromes_0[351]
  iSyndromes_0[352]
  iSyndromes_0[353]
  iSyndromes_0[354]
  iSyndromes_0[355]
  iSyndromes_0[356]
  iSyndromes_0[357]
  iSyndromes_0[358]
  iSyndromes_0[359]
  iSyndromes_0[35]
  iSyndromes_0[360]
  iSyndromes_0[361]
  iSyndromes_0[362]
  iSyndromes_0[363]
  iSyndromes_0[364]
  iSyndromes_0[365]
  iSyndromes_0[366]
  iSyndromes_0[367]
  iSyndromes_0[368]
  iSyndromes_0[369]
  iSyndromes_0[36]
  iSyndromes_0[370]
  iSyndromes_0[371]
  iSyndromes_0[372]
  iSyndromes_0[373]
  iSyndromes_0[374]
  iSyndromes_0[375]
  iSyndromes_0[376]
  iSyndromes_0[377]
  iSyndromes_0[378]
  iSyndromes_0[379]
  iSyndromes_0[37]
  iSyndromes_0[380]
  iSyndromes_0[381]
  iSyndromes_0[382]
  iSyndromes_0[383]
  iSyndromes_0[384]
  iSyndromes_0[385]
  iSyndromes_0[386]
  iSyndromes_0[387]
  iSyndromes_0[388]
  iSyndromes_0[389]
  iSyndromes_0[38]
  iSyndromes_0[390]
  iSyndromes_0[391]
  iSyndromes_0[392]
  iSyndromes_0[393]
  iSyndromes_0[394]
  iSyndromes_0[395]
  iSyndromes_0[396]
  iSyndromes_0[397]
  iSyndromes_0[398]
  iSyndromes_0[399]
  iSyndromes_0[39]
  iSyndromes_0[3]
  iSyndromes_0[400]
  iSyndromes_0[401]
  iSyndromes_0[402]
  iSyndromes_0[403]
  iSyndromes_0[404]
  iSyndromes_0[405]
  iSyndromes_0[406]
  iSyndromes_0[407]
  iSyndromes_0[408]
  iSyndromes_0[409]
  iSyndromes_0[40]
  iSyndromes_0[410]
  iSyndromes_0[411]
  iSyndromes_0[412]
  iSyndromes_0[413]
  iSyndromes_0[414]
  iSyndromes_0[415]
  iSyndromes_0[416]
  iSyndromes_0[417]
  iSyndromes_0[418]
  iSyndromes_0[419]
  iSyndromes_0[41]
  iSyndromes_0[420]
  iSyndromes_0[421]
  iSyndromes_0[422]
  iSyndromes_0[423]
  iSyndromes_0[424]
  iSyndromes_0[425]
  iSyndromes_0[426]
  iSyndromes_0[427]
  iSyndromes_0[428]
  iSyndromes_0[429]
  iSyndromes_0[42]
  iSyndromes_0[430]
  iSyndromes_0[431]
  iSyndromes_0[432]
  iSyndromes_0[433]
  iSyndromes_0[434]
  iSyndromes_0[435]
  iSyndromes_0[436]
  iSyndromes_0[437]
  iSyndromes_0[438]
  iSyndromes_0[439]
  iSyndromes_0[43]
  iSyndromes_0[440]
  iSyndromes_0[441]
  iSyndromes_0[442]
  iSyndromes_0[443]
  iSyndromes_0[444]
  iSyndromes_0[445]
  iSyndromes_0[446]
  iSyndromes_0[447]
  iSyndromes_0[448]
  iSyndromes_0[449]
  iSyndromes_0[44]
  iSyndromes_0[450]
  iSyndromes_0[451]
  iSyndromes_0[452]
  iSyndromes_0[453]
  iSyndromes_0[454]
  iSyndromes_0[455]
  iSyndromes_0[456]
  iSyndromes_0[457]
  iSyndromes_0[458]
  iSyndromes_0[459]
  iSyndromes_0[45]
  iSyndromes_0[460]
  iSyndromes_0[461]
  iSyndromes_0[462]
  iSyndromes_0[463]
  iSyndromes_0[464]
  iSyndromes_0[465]
  iSyndromes_0[466]
  iSyndromes_0[467]
  iSyndromes_0[468]
  iSyndromes_0[469]
  iSyndromes_0[46]
  iSyndromes_0[470]
  iSyndromes_0[471]
  iSyndromes_0[472]
  iSyndromes_0[473]
  iSyndromes_0[474]
  iSyndromes_0[475]
  iSyndromes_0[476]
  iSyndromes_0[477]
  iSyndromes_0[478]
  iSyndromes_0[479]
  iSyndromes_0[47]
  iSyndromes_0[480]
  iSyndromes_0[481]
  iSyndromes_0[482]
  iSyndromes_0[483]
  iSyndromes_0[484]
  iSyndromes_0[485]
  iSyndromes_0[486]
  iSyndromes_0[487]
  iSyndromes_0[488]
  iSyndromes_0[489]
  iSyndromes_0[48]
  iSyndromes_0[490]
  iSyndromes_0[491]
  iSyndromes_0[492]
  iSyndromes_0[493]
  iSyndromes_0[494]
  iSyndromes_0[495]
  iSyndromes_0[496]
  iSyndromes_0[497]
  iSyndromes_0[498]
  iSyndromes_0[499]
  iSyndromes_0[49]
  iSyndromes_0[4]
  iSyndromes_0[500]
  iSyndromes_0[501]
  iSyndromes_0[502]
  iSyndromes_0[503]
  iSyndromes_0[504]
  iSyndromes_0[505]
  iSyndromes_0[506]
  iSyndromes_0[507]
  iSyndromes_0[508]
  iSyndromes_0[509]
  iSyndromes_0[50]
  iSyndromes_0[510]
  iSyndromes_0[511]
  iSyndromes_0[512]
  iSyndromes_0[513]
  iSyndromes_0[514]
  iSyndromes_0[515]
  iSyndromes_0[516]
  iSyndromes_0[517]
  iSyndromes_0[518]
  iSyndromes_0[519]
  iSyndromes_0[51]
  iSyndromes_0[520]
  iSyndromes_0[521]
  iSyndromes_0[522]
  iSyndromes_0[523]
  iSyndromes_0[524]
  iSyndromes_0[525]
  iSyndromes_0[526]
  iSyndromes_0[527]
  iSyndromes_0[528]
  iSyndromes_0[529]
  iSyndromes_0[52]
  iSyndromes_0[530]
  iSyndromes_0[531]
  iSyndromes_0[532]
  iSyndromes_0[533]
  iSyndromes_0[534]
  iSyndromes_0[535]
  iSyndromes_0[536]
  iSyndromes_0[537]
  iSyndromes_0[538]
  iSyndromes_0[539]
  iSyndromes_0[53]
  iSyndromes_0[540]
  iSyndromes_0[541]
  iSyndromes_0[542]
  iSyndromes_0[543]
  iSyndromes_0[544]
  iSyndromes_0[545]
  iSyndromes_0[546]
  iSyndromes_0[547]
  iSyndromes_0[548]
  iSyndromes_0[549]
  iSyndromes_0[54]
  iSyndromes_0[550]
  iSyndromes_0[551]
  iSyndromes_0[552]
  iSyndromes_0[553]
  iSyndromes_0[554]
  iSyndromes_0[555]
  iSyndromes_0[556]
  iSyndromes_0[557]
  iSyndromes_0[558]
  iSyndromes_0[559]
  iSyndromes_0[55]
  iSyndromes_0[560]
  iSyndromes_0[561]
  iSyndromes_0[562]
  iSyndromes_0[563]
  iSyndromes_0[564]
  iSyndromes_0[565]
  iSyndromes_0[566]
  iSyndromes_0[567]
  iSyndromes_0[568]
  iSyndromes_0[569]
  iSyndromes_0[56]
  iSyndromes_0[570]
  iSyndromes_0[571]
  iSyndromes_0[572]
  iSyndromes_0[573]
  iSyndromes_0[574]
  iSyndromes_0[575]
  iSyndromes_0[576]
  iSyndromes_0[577]
  iSyndromes_0[578]
  iSyndromes_0[579]
  iSyndromes_0[57]
  iSyndromes_0[580]
  iSyndromes_0[581]
  iSyndromes_0[582]
  iSyndromes_0[583]
  iSyndromes_0[584]
  iSyndromes_0[585]
  iSyndromes_0[586]
  iSyndromes_0[587]
  iSyndromes_0[588]
  iSyndromes_0[589]
  iSyndromes_0[58]
  iSyndromes_0[590]
  iSyndromes_0[591]
  iSyndromes_0[592]
  iSyndromes_0[593]
  iSyndromes_0[594]
  iSyndromes_0[595]
  iSyndromes_0[596]
  iSyndromes_0[597]
  iSyndromes_0[598]
  iSyndromes_0[599]
  iSyndromes_0[59]
  iSyndromes_0[5]
  iSyndromes_0[600]
  iSyndromes_0[601]
  iSyndromes_0[602]
  iSyndromes_0[603]
  iSyndromes_0[604]
  iSyndromes_0[605]
  iSyndromes_0[606]
  iSyndromes_0[607]
  iSyndromes_0[608]
  iSyndromes_0[609]
  iSyndromes_0[60]
  iSyndromes_0[610]
  iSyndromes_0[611]
  iSyndromes_0[612]
  iSyndromes_0[613]
  iSyndromes_0[614]
  iSyndromes_0[615]
  iSyndromes_0[616]
  iSyndromes_0[617]
  iSyndromes_0[618]
  iSyndromes_0[619]
  iSyndromes_0[61]
  iSyndromes_0[620]
  iSyndromes_0[621]
  iSyndromes_0[622]
  iSyndromes_0[623]
  iSyndromes_0[624]
  iSyndromes_0[625]
  iSyndromes_0[626]
  iSyndromes_0[627]
  iSyndromes_0[628]
  iSyndromes_0[629]
  iSyndromes_0[62]
  iSyndromes_0[630]
  iSyndromes_0[631]
  iSyndromes_0[632]
  iSyndromes_0[633]
  iSyndromes_0[634]
  iSyndromes_0[635]
  iSyndromes_0[636]
  iSyndromes_0[637]
  iSyndromes_0[638]
  iSyndromes_0[639]
  iSyndromes_0[63]
  iSyndromes_0[640]
  iSyndromes_0[641]
  iSyndromes_0[642]
  iSyndromes_0[643]
  iSyndromes_0[644]
  iSyndromes_0[645]
  iSyndromes_0[646]
  iSyndromes_0[647]
  iSyndromes_0[64]
  iSyndromes_0[65]
  iSyndromes_0[66]
  iSyndromes_0[67]
  iSyndromes_0[68]
  iSyndromes_0[69]
  iSyndromes_0[6]
  iSyndromes_0[70]
  iSyndromes_0[71]
  iSyndromes_0[72]
  iSyndromes_0[73]
  iSyndromes_0[74]
  iSyndromes_0[75]
  iSyndromes_0[76]
  iSyndromes_0[77]
  iSyndromes_0[78]
  iSyndromes_0[79]
  iSyndromes_0[7]
  iSyndromes_0[80]
  iSyndromes_0[81]
  iSyndromes_0[82]
  iSyndromes_0[83]
  iSyndromes_0[84]
  iSyndromes_0[85]
  iSyndromes_0[86]
  iSyndromes_0[87]
  iSyndromes_0[88]
  iSyndromes_0[89]
  iSyndromes_0[8]
  iSyndromes_0[90]
  iSyndromes_0[91]
  iSyndromes_0[92]
  iSyndromes_0[93]
  iSyndromes_0[94]
  iSyndromes_0[95]
  iSyndromes_0[96]
  iSyndromes_0[97]
  iSyndromes_0[98]
  iSyndromes_0[99]
  iSyndromes_0[9]
  iSyndromes_1[0]
  iSyndromes_1[100]
  iSyndromes_1[101]
  iSyndromes_1[102]
  iSyndromes_1[103]
  iSyndromes_1[104]
  iSyndromes_1[105]
  iSyndromes_1[106]
  iSyndromes_1[107]
  iSyndromes_1[108]
  iSyndromes_1[109]
  iSyndromes_1[10]
  iSyndromes_1[110]
  iSyndromes_1[111]
  iSyndromes_1[112]
  iSyndromes_1[113]
  iSyndromes_1[114]
  iSyndromes_1[115]
  iSyndromes_1[116]
  iSyndromes_1[117]
  iSyndromes_1[118]
  iSyndromes_1[119]
  iSyndromes_1[11]
  iSyndromes_1[120]
  iSyndromes_1[121]
  iSyndromes_1[122]
  iSyndromes_1[123]
  iSyndromes_1[124]
  iSyndromes_1[125]
  iSyndromes_1[126]
  iSyndromes_1[127]
  iSyndromes_1[128]
  iSyndromes_1[129]
  iSyndromes_1[12]
  iSyndromes_1[130]
  iSyndromes_1[131]
  iSyndromes_1[132]
  iSyndromes_1[133]
  iSyndromes_1[134]
  iSyndromes_1[135]
  iSyndromes_1[136]
  iSyndromes_1[137]
  iSyndromes_1[138]
  iSyndromes_1[139]
  iSyndromes_1[13]
  iSyndromes_1[140]
  iSyndromes_1[141]
  iSyndromes_1[142]
  iSyndromes_1[143]
  iSyndromes_1[144]
  iSyndromes_1[145]
  iSyndromes_1[146]
  iSyndromes_1[147]
  iSyndromes_1[148]
  iSyndromes_1[149]
  iSyndromes_1[14]
  iSyndromes_1[150]
  iSyndromes_1[151]
  iSyndromes_1[152]
  iSyndromes_1[153]
  iSyndromes_1[154]
  iSyndromes_1[155]
  iSyndromes_1[156]
  iSyndromes_1[157]
  iSyndromes_1[158]
  iSyndromes_1[159]
  iSyndromes_1[15]
  iSyndromes_1[160]
  iSyndromes_1[161]
  iSyndromes_1[162]
  iSyndromes_1[163]
  iSyndromes_1[164]
  iSyndromes_1[165]
  iSyndromes_1[166]
  iSyndromes_1[167]
  iSyndromes_1[168]
  iSyndromes_1[169]
  iSyndromes_1[16]
  iSyndromes_1[170]
  iSyndromes_1[171]
  iSyndromes_1[172]
  iSyndromes_1[173]
  iSyndromes_1[174]
  iSyndromes_1[175]
  iSyndromes_1[176]
  iSyndromes_1[177]
  iSyndromes_1[178]
  iSyndromes_1[179]
  iSyndromes_1[17]
  iSyndromes_1[180]
  iSyndromes_1[181]
  iSyndromes_1[182]
  iSyndromes_1[183]
  iSyndromes_1[184]
  iSyndromes_1[185]
  iSyndromes_1[186]
  iSyndromes_1[187]
  iSyndromes_1[188]
  iSyndromes_1[189]
  iSyndromes_1[18]
  iSyndromes_1[190]
  iSyndromes_1[191]
  iSyndromes_1[192]
  iSyndromes_1[193]
  iSyndromes_1[194]
  iSyndromes_1[195]
  iSyndromes_1[196]
  iSyndromes_1[197]
  iSyndromes_1[198]
  iSyndromes_1[199]
  iSyndromes_1[19]
  iSyndromes_1[1]
  iSyndromes_1[200]
  iSyndromes_1[201]
  iSyndromes_1[202]
  iSyndromes_1[203]
  iSyndromes_1[204]
  iSyndromes_1[205]
  iSyndromes_1[206]
  iSyndromes_1[207]
  iSyndromes_1[208]
  iSyndromes_1[209]
  iSyndromes_1[20]
  iSyndromes_1[210]
  iSyndromes_1[211]
  iSyndromes_1[212]
  iSyndromes_1[213]
  iSyndromes_1[214]
  iSyndromes_1[215]
  iSyndromes_1[216]
  iSyndromes_1[217]
  iSyndromes_1[218]
  iSyndromes_1[219]
  iSyndromes_1[21]
  iSyndromes_1[220]
  iSyndromes_1[221]
  iSyndromes_1[222]
  iSyndromes_1[223]
  iSyndromes_1[224]
  iSyndromes_1[225]
  iSyndromes_1[226]
  iSyndromes_1[227]
  iSyndromes_1[228]
  iSyndromes_1[229]
  iSyndromes_1[22]
  iSyndromes_1[230]
  iSyndromes_1[231]
  iSyndromes_1[232]
  iSyndromes_1[233]
  iSyndromes_1[234]
  iSyndromes_1[235]
  iSyndromes_1[236]
  iSyndromes_1[237]
  iSyndromes_1[238]
  iSyndromes_1[239]
  iSyndromes_1[23]
  iSyndromes_1[240]
  iSyndromes_1[241]
  iSyndromes_1[242]
  iSyndromes_1[243]
  iSyndromes_1[244]
  iSyndromes_1[245]
  iSyndromes_1[246]
  iSyndromes_1[247]
  iSyndromes_1[248]
  iSyndromes_1[249]
  iSyndromes_1[24]
  iSyndromes_1[250]
  iSyndromes_1[251]
  iSyndromes_1[252]
  iSyndromes_1[253]
  iSyndromes_1[254]
  iSyndromes_1[255]
  iSyndromes_1[256]
  iSyndromes_1[257]
  iSyndromes_1[258]
  iSyndromes_1[259]
  iSyndromes_1[25]
  iSyndromes_1[260]
  iSyndromes_1[261]
  iSyndromes_1[262]
  iSyndromes_1[263]
  iSyndromes_1[264]
  iSyndromes_1[265]
  iSyndromes_1[266]
  iSyndromes_1[267]
  iSyndromes_1[268]
  iSyndromes_1[269]
  iSyndromes_1[26]
  iSyndromes_1[270]
  iSyndromes_1[271]
  iSyndromes_1[272]
  iSyndromes_1[273]
  iSyndromes_1[274]
  iSyndromes_1[275]
  iSyndromes_1[276]
  iSyndromes_1[277]
  iSyndromes_1[278]
  iSyndromes_1[279]
  iSyndromes_1[27]
  iSyndromes_1[280]
  iSyndromes_1[281]
  iSyndromes_1[282]
  iSyndromes_1[283]
  iSyndromes_1[284]
  iSyndromes_1[285]
  iSyndromes_1[286]
  iSyndromes_1[287]
  iSyndromes_1[288]
  iSyndromes_1[289]
  iSyndromes_1[28]
  iSyndromes_1[290]
  iSyndromes_1[291]
  iSyndromes_1[292]
  iSyndromes_1[293]
  iSyndromes_1[294]
  iSyndromes_1[295]
  iSyndromes_1[296]
  iSyndromes_1[297]
  iSyndromes_1[298]
  iSyndromes_1[299]
  iSyndromes_1[29]
  iSyndromes_1[2]
  iSyndromes_1[300]
  iSyndromes_1[301]
  iSyndromes_1[302]
  iSyndromes_1[303]
  iSyndromes_1[304]
  iSyndromes_1[305]
  iSyndromes_1[306]
  iSyndromes_1[307]
  iSyndromes_1[308]
  iSyndromes_1[309]
  iSyndromes_1[30]
  iSyndromes_1[310]
  iSyndromes_1[311]
  iSyndromes_1[312]
  iSyndromes_1[313]
  iSyndromes_1[314]
  iSyndromes_1[315]
  iSyndromes_1[316]
  iSyndromes_1[317]
  iSyndromes_1[318]
  iSyndromes_1[319]
  iSyndromes_1[31]
  iSyndromes_1[320]
  iSyndromes_1[321]
  iSyndromes_1[322]
  iSyndromes_1[323]
  iSyndromes_1[324]
  iSyndromes_1[325]
  iSyndromes_1[326]
  iSyndromes_1[327]
  iSyndromes_1[328]
  iSyndromes_1[329]
  iSyndromes_1[32]
  iSyndromes_1[330]
  iSyndromes_1[331]
  iSyndromes_1[332]
  iSyndromes_1[333]
  iSyndromes_1[334]
  iSyndromes_1[335]
  iSyndromes_1[336]
  iSyndromes_1[337]
  iSyndromes_1[338]
  iSyndromes_1[339]
  iSyndromes_1[33]
  iSyndromes_1[340]
  iSyndromes_1[341]
  iSyndromes_1[342]
  iSyndromes_1[343]
  iSyndromes_1[344]
  iSyndromes_1[345]
  iSyndromes_1[346]
  iSyndromes_1[347]
  iSyndromes_1[348]
  iSyndromes_1[349]
  iSyndromes_1[34]
  iSyndromes_1[350]
  iSyndromes_1[351]
  iSyndromes_1[352]
  iSyndromes_1[353]
  iSyndromes_1[354]
  iSyndromes_1[355]
  iSyndromes_1[356]
  iSyndromes_1[357]
  iSyndromes_1[358]
  iSyndromes_1[359]
  iSyndromes_1[35]
  iSyndromes_1[360]
  iSyndromes_1[361]
  iSyndromes_1[362]
  iSyndromes_1[363]
  iSyndromes_1[364]
  iSyndromes_1[365]
  iSyndromes_1[366]
  iSyndromes_1[367]
  iSyndromes_1[368]
  iSyndromes_1[369]
  iSyndromes_1[36]
  iSyndromes_1[370]
  iSyndromes_1[371]
  iSyndromes_1[372]
  iSyndromes_1[373]
  iSyndromes_1[374]
  iSyndromes_1[375]
  iSyndromes_1[376]
  iSyndromes_1[377]
  iSyndromes_1[378]
  iSyndromes_1[379]
  iSyndromes_1[37]
  iSyndromes_1[380]
  iSyndromes_1[381]
  iSyndromes_1[382]
  iSyndromes_1[383]
  iSyndromes_1[384]
  iSyndromes_1[385]
  iSyndromes_1[386]
  iSyndromes_1[387]
  iSyndromes_1[388]
  iSyndromes_1[389]
  iSyndromes_1[38]
  iSyndromes_1[390]
  iSyndromes_1[391]
  iSyndromes_1[392]
  iSyndromes_1[393]
  iSyndromes_1[394]
  iSyndromes_1[395]
  iSyndromes_1[396]
  iSyndromes_1[397]
  iSyndromes_1[398]
  iSyndromes_1[399]
  iSyndromes_1[39]
  iSyndromes_1[3]
  iSyndromes_1[400]
  iSyndromes_1[401]
  iSyndromes_1[402]
  iSyndromes_1[403]
  iSyndromes_1[404]
  iSyndromes_1[405]
  iSyndromes_1[406]
  iSyndromes_1[407]
  iSyndromes_1[408]
  iSyndromes_1[409]
  iSyndromes_1[40]
  iSyndromes_1[410]
  iSyndromes_1[411]
  iSyndromes_1[412]
  iSyndromes_1[413]
  iSyndromes_1[414]
  iSyndromes_1[415]
  iSyndromes_1[416]
  iSyndromes_1[417]
  iSyndromes_1[418]
  iSyndromes_1[419]
  iSyndromes_1[41]
  iSyndromes_1[420]
  iSyndromes_1[421]
  iSyndromes_1[422]
  iSyndromes_1[423]
  iSyndromes_1[424]
  iSyndromes_1[425]
  iSyndromes_1[426]
  iSyndromes_1[427]
  iSyndromes_1[428]
  iSyndromes_1[429]
  iSyndromes_1[42]
  iSyndromes_1[430]
  iSyndromes_1[431]
  iSyndromes_1[432]
  iSyndromes_1[433]
  iSyndromes_1[434]
  iSyndromes_1[435]
  iSyndromes_1[436]
  iSyndromes_1[437]
  iSyndromes_1[438]
  iSyndromes_1[439]
  iSyndromes_1[43]
  iSyndromes_1[440]
  iSyndromes_1[441]
  iSyndromes_1[442]
  iSyndromes_1[443]
  iSyndromes_1[444]
  iSyndromes_1[445]
  iSyndromes_1[446]
  iSyndromes_1[447]
  iSyndromes_1[448]
  iSyndromes_1[449]
  iSyndromes_1[44]
  iSyndromes_1[450]
  iSyndromes_1[451]
  iSyndromes_1[452]
  iSyndromes_1[453]
  iSyndromes_1[454]
  iSyndromes_1[455]
  iSyndromes_1[456]
  iSyndromes_1[457]
  iSyndromes_1[458]
  iSyndromes_1[459]
  iSyndromes_1[45]
  iSyndromes_1[460]
  iSyndromes_1[461]
  iSyndromes_1[462]
  iSyndromes_1[463]
  iSyndromes_1[464]
  iSyndromes_1[465]
  iSyndromes_1[466]
  iSyndromes_1[467]
  iSyndromes_1[468]
  iSyndromes_1[469]
  iSyndromes_1[46]
  iSyndromes_1[470]
  iSyndromes_1[471]
  iSyndromes_1[472]
  iSyndromes_1[473]
  iSyndromes_1[474]
  iSyndromes_1[475]
  iSyndromes_1[476]
  iSyndromes_1[477]
  iSyndromes_1[478]
  iSyndromes_1[479]
  iSyndromes_1[47]
  iSyndromes_1[480]
  iSyndromes_1[481]
  iSyndromes_1[482]
  iSyndromes_1[483]
  iSyndromes_1[484]
  iSyndromes_1[485]
  iSyndromes_1[486]
  iSyndromes_1[487]
  iSyndromes_1[488]
  iSyndromes_1[489]
  iSyndromes_1[48]
  iSyndromes_1[490]
  iSyndromes_1[491]
  iSyndromes_1[492]
  iSyndromes_1[493]
  iSyndromes_1[494]
  iSyndromes_1[495]
  iSyndromes_1[496]
  iSyndromes_1[497]
  iSyndromes_1[498]
  iSyndromes_1[499]
  iSyndromes_1[49]
  iSyndromes_1[4]
  iSyndromes_1[500]
  iSyndromes_1[501]
  iSyndromes_1[502]
  iSyndromes_1[503]
  iSyndromes_1[504]
  iSyndromes_1[505]
  iSyndromes_1[506]
  iSyndromes_1[507]
  iSyndromes_1[508]
  iSyndromes_1[509]
  iSyndromes_1[50]
  iSyndromes_1[510]
  iSyndromes_1[511]
  iSyndromes_1[512]
  iSyndromes_1[513]
  iSyndromes_1[514]
  iSyndromes_1[515]
  iSyndromes_1[516]
  iSyndromes_1[517]
  iSyndromes_1[518]
  iSyndromes_1[519]
  iSyndromes_1[51]
  iSyndromes_1[520]
  iSyndromes_1[521]
  iSyndromes_1[522]
  iSyndromes_1[523]
  iSyndromes_1[524]
  iSyndromes_1[525]
  iSyndromes_1[526]
  iSyndromes_1[527]
  iSyndromes_1[528]
  iSyndromes_1[529]
  iSyndromes_1[52]
  iSyndromes_1[530]
  iSyndromes_1[531]
  iSyndromes_1[532]
  iSyndromes_1[533]
  iSyndromes_1[534]
  iSyndromes_1[535]
  iSyndromes_1[536]
  iSyndromes_1[537]
  iSyndromes_1[538]
  iSyndromes_1[539]
  iSyndromes_1[53]
  iSyndromes_1[540]
  iSyndromes_1[541]
  iSyndromes_1[542]
  iSyndromes_1[543]
  iSyndromes_1[544]
  iSyndromes_1[545]
  iSyndromes_1[546]
  iSyndromes_1[547]
  iSyndromes_1[548]
  iSyndromes_1[549]
  iSyndromes_1[54]
  iSyndromes_1[550]
  iSyndromes_1[551]
  iSyndromes_1[552]
  iSyndromes_1[553]
  iSyndromes_1[554]
  iSyndromes_1[555]
  iSyndromes_1[556]
  iSyndromes_1[557]
  iSyndromes_1[558]
  iSyndromes_1[559]
  iSyndromes_1[55]
  iSyndromes_1[560]
  iSyndromes_1[561]
  iSyndromes_1[562]
  iSyndromes_1[563]
  iSyndromes_1[564]
  iSyndromes_1[565]
  iSyndromes_1[566]
  iSyndromes_1[567]
  iSyndromes_1[568]
  iSyndromes_1[569]
  iSyndromes_1[56]
  iSyndromes_1[570]
  iSyndromes_1[571]
  iSyndromes_1[572]
  iSyndromes_1[573]
  iSyndromes_1[574]
  iSyndromes_1[575]
  iSyndromes_1[576]
  iSyndromes_1[577]
  iSyndromes_1[578]
  iSyndromes_1[579]
  iSyndromes_1[57]
  iSyndromes_1[580]
  iSyndromes_1[581]
  iSyndromes_1[582]
  iSyndromes_1[583]
  iSyndromes_1[584]
  iSyndromes_1[585]
  iSyndromes_1[586]
  iSyndromes_1[587]
  iSyndromes_1[588]
  iSyndromes_1[589]
  iSyndromes_1[58]
  iSyndromes_1[590]
  iSyndromes_1[591]
  iSyndromes_1[592]
  iSyndromes_1[593]
  iSyndromes_1[594]
  iSyndromes_1[595]
  iSyndromes_1[596]
  iSyndromes_1[597]
  iSyndromes_1[598]
  iSyndromes_1[599]
  iSyndromes_1[59]
  iSyndromes_1[5]
  iSyndromes_1[600]
  iSyndromes_1[601]
  iSyndromes_1[602]
  iSyndromes_1[603]
  iSyndromes_1[604]
  iSyndromes_1[605]
  iSyndromes_1[606]
  iSyndromes_1[607]
  iSyndromes_1[608]
  iSyndromes_1[609]
  iSyndromes_1[60]
  iSyndromes_1[610]
  iSyndromes_1[611]
  iSyndromes_1[612]
  iSyndromes_1[613]
  iSyndromes_1[614]
  iSyndromes_1[615]
  iSyndromes_1[616]
  iSyndromes_1[617]
  iSyndromes_1[618]
  iSyndromes_1[619]
  iSyndromes_1[61]
  iSyndromes_1[620]
  iSyndromes_1[621]
  iSyndromes_1[622]
  iSyndromes_1[623]
  iSyndromes_1[624]
  iSyndromes_1[625]
  iSyndromes_1[626]
  iSyndromes_1[627]
  iSyndromes_1[628]
  iSyndromes_1[629]
  iSyndromes_1[62]
  iSyndromes_1[630]
  iSyndromes_1[631]
  iSyndromes_1[632]
  iSyndromes_1[633]
  iSyndromes_1[634]
  iSyndromes_1[635]
  iSyndromes_1[636]
  iSyndromes_1[637]
  iSyndromes_1[638]
  iSyndromes_1[639]
  iSyndromes_1[63]
  iSyndromes_1[640]
  iSyndromes_1[641]
  iSyndromes_1[642]
  iSyndromes_1[643]
  iSyndromes_1[644]
  iSyndromes_1[645]
  iSyndromes_1[646]
  iSyndromes_1[647]
  iSyndromes_1[64]
  iSyndromes_1[65]
  iSyndromes_1[66]
  iSyndromes_1[67]
  iSyndromes_1[68]
  iSyndromes_1[69]
  iSyndromes_1[6]
  iSyndromes_1[70]
  iSyndromes_1[71]
  iSyndromes_1[72]
  iSyndromes_1[73]
  iSyndromes_1[74]
  iSyndromes_1[75]
  iSyndromes_1[76]
  iSyndromes_1[77]
  iSyndromes_1[78]
  iSyndromes_1[79]
  iSyndromes_1[7]
  iSyndromes_1[80]
  iSyndromes_1[81]
  iSyndromes_1[82]
  iSyndromes_1[83]
  iSyndromes_1[84]
  iSyndromes_1[85]
  iSyndromes_1[86]
  iSyndromes_1[87]
  iSyndromes_1[88]
  iSyndromes_1[89]
  iSyndromes_1[8]
  iSyndromes_1[90]
  iSyndromes_1[91]
  iSyndromes_1[92]
  iSyndromes_1[93]
  iSyndromes_1[94]
  iSyndromes_1[95]
  iSyndromes_1[96]
  iSyndromes_1[97]
  iSyndromes_1[98]
  iSyndromes_1[99]
  iSyndromes_1[9]
  iSyndromes_2[0]
  iSyndromes_2[100]
  iSyndromes_2[101]
  iSyndromes_2[102]
  iSyndromes_2[103]
  iSyndromes_2[104]
  iSyndromes_2[105]
  iSyndromes_2[106]
  iSyndromes_2[107]
  iSyndromes_2[108]
  iSyndromes_2[109]
  iSyndromes_2[10]
  iSyndromes_2[110]
  iSyndromes_2[111]
  iSyndromes_2[112]
  iSyndromes_2[113]
  iSyndromes_2[114]
  iSyndromes_2[115]
  iSyndromes_2[116]
  iSyndromes_2[117]
  iSyndromes_2[118]
  iSyndromes_2[119]
  iSyndromes_2[11]
  iSyndromes_2[120]
  iSyndromes_2[121]
  iSyndromes_2[122]
  iSyndromes_2[123]
  iSyndromes_2[124]
  iSyndromes_2[125]
  iSyndromes_2[126]
  iSyndromes_2[127]
  iSyndromes_2[128]
  iSyndromes_2[129]
  iSyndromes_2[12]
  iSyndromes_2[130]
  iSyndromes_2[131]
  iSyndromes_2[132]
  iSyndromes_2[133]
  iSyndromes_2[134]
  iSyndromes_2[135]
  iSyndromes_2[136]
  iSyndromes_2[137]
  iSyndromes_2[138]
  iSyndromes_2[139]
  iSyndromes_2[13]
  iSyndromes_2[140]
  iSyndromes_2[141]
  iSyndromes_2[142]
  iSyndromes_2[143]
  iSyndromes_2[144]
  iSyndromes_2[145]
  iSyndromes_2[146]
  iSyndromes_2[147]
  iSyndromes_2[148]
  iSyndromes_2[149]
  iSyndromes_2[14]
  iSyndromes_2[150]
  iSyndromes_2[151]
  iSyndromes_2[152]
  iSyndromes_2[153]
  iSyndromes_2[154]
  iSyndromes_2[155]
  iSyndromes_2[156]
  iSyndromes_2[157]
  iSyndromes_2[158]
  iSyndromes_2[159]
  iSyndromes_2[15]
  iSyndromes_2[160]
  iSyndromes_2[161]
  iSyndromes_2[162]
  iSyndromes_2[163]
  iSyndromes_2[164]
  iSyndromes_2[165]
  iSyndromes_2[166]
  iSyndromes_2[167]
  iSyndromes_2[168]
  iSyndromes_2[169]
  iSyndromes_2[16]
  iSyndromes_2[170]
  iSyndromes_2[171]
  iSyndromes_2[172]
  iSyndromes_2[173]
  iSyndromes_2[174]
  iSyndromes_2[175]
  iSyndromes_2[176]
  iSyndromes_2[177]
  iSyndromes_2[178]
  iSyndromes_2[179]
  iSyndromes_2[17]
  iSyndromes_2[180]
  iSyndromes_2[181]
  iSyndromes_2[182]
  iSyndromes_2[183]
  iSyndromes_2[184]
  iSyndromes_2[185]
  iSyndromes_2[186]
  iSyndromes_2[187]
  iSyndromes_2[188]
  iSyndromes_2[189]
  iSyndromes_2[18]
  iSyndromes_2[190]
  iSyndromes_2[191]
  iSyndromes_2[192]
  iSyndromes_2[193]
  iSyndromes_2[194]
  iSyndromes_2[195]
  iSyndromes_2[196]
  iSyndromes_2[197]
  iSyndromes_2[198]
  iSyndromes_2[199]
  iSyndromes_2[19]
  iSyndromes_2[1]
  iSyndromes_2[200]
  iSyndromes_2[201]
  iSyndromes_2[202]
  iSyndromes_2[203]
  iSyndromes_2[204]
  iSyndromes_2[205]
  iSyndromes_2[206]
  iSyndromes_2[207]
  iSyndromes_2[208]
  iSyndromes_2[209]
  iSyndromes_2[20]
  iSyndromes_2[210]
  iSyndromes_2[211]
  iSyndromes_2[212]
  iSyndromes_2[213]
  iSyndromes_2[214]
  iSyndromes_2[215]
  iSyndromes_2[216]
  iSyndromes_2[217]
  iSyndromes_2[218]
  iSyndromes_2[219]
  iSyndromes_2[21]
  iSyndromes_2[220]
  iSyndromes_2[221]
  iSyndromes_2[222]
  iSyndromes_2[223]
  iSyndromes_2[224]
  iSyndromes_2[225]
  iSyndromes_2[226]
  iSyndromes_2[227]
  iSyndromes_2[228]
  iSyndromes_2[229]
  iSyndromes_2[22]
  iSyndromes_2[230]
  iSyndromes_2[231]
  iSyndromes_2[232]
  iSyndromes_2[233]
  iSyndromes_2[234]
  iSyndromes_2[235]
  iSyndromes_2[236]
  iSyndromes_2[237]
  iSyndromes_2[238]
  iSyndromes_2[239]
  iSyndromes_2[23]
  iSyndromes_2[240]
  iSyndromes_2[241]
  iSyndromes_2[242]
  iSyndromes_2[243]
  iSyndromes_2[244]
  iSyndromes_2[245]
  iSyndromes_2[246]
  iSyndromes_2[247]
  iSyndromes_2[248]
  iSyndromes_2[249]
  iSyndromes_2[24]
  iSyndromes_2[250]
  iSyndromes_2[251]
  iSyndromes_2[252]
  iSyndromes_2[253]
  iSyndromes_2[254]
  iSyndromes_2[255]
  iSyndromes_2[256]
  iSyndromes_2[257]
  iSyndromes_2[258]
  iSyndromes_2[259]
  iSyndromes_2[25]
  iSyndromes_2[260]
  iSyndromes_2[261]
  iSyndromes_2[262]
  iSyndromes_2[263]
  iSyndromes_2[264]
  iSyndromes_2[265]
  iSyndromes_2[266]
  iSyndromes_2[267]
  iSyndromes_2[268]
  iSyndromes_2[269]
  iSyndromes_2[26]
  iSyndromes_2[270]
  iSyndromes_2[271]
  iSyndromes_2[272]
  iSyndromes_2[273]
  iSyndromes_2[274]
  iSyndromes_2[275]
  iSyndromes_2[276]
  iSyndromes_2[277]
  iSyndromes_2[278]
  iSyndromes_2[279]
  iSyndromes_2[27]
  iSyndromes_2[280]
  iSyndromes_2[281]
  iSyndromes_2[282]
  iSyndromes_2[283]
  iSyndromes_2[284]
  iSyndromes_2[285]
  iSyndromes_2[286]
  iSyndromes_2[287]
  iSyndromes_2[288]
  iSyndromes_2[289]
  iSyndromes_2[28]
  iSyndromes_2[290]
  iSyndromes_2[291]
  iSyndromes_2[292]
  iSyndromes_2[293]
  iSyndromes_2[294]
  iSyndromes_2[295]
  iSyndromes_2[296]
  iSyndromes_2[297]
  iSyndromes_2[298]
  iSyndromes_2[299]
  iSyndromes_2[29]
  iSyndromes_2[2]
  iSyndromes_2[300]
  iSyndromes_2[301]
  iSyndromes_2[302]
  iSyndromes_2[303]
  iSyndromes_2[304]
  iSyndromes_2[305]
  iSyndromes_2[306]
  iSyndromes_2[307]
  iSyndromes_2[308]
  iSyndromes_2[309]
  iSyndromes_2[30]
  iSyndromes_2[310]
  iSyndromes_2[311]
  iSyndromes_2[312]
  iSyndromes_2[313]
  iSyndromes_2[314]
  iSyndromes_2[315]
  iSyndromes_2[316]
  iSyndromes_2[317]
  iSyndromes_2[318]
  iSyndromes_2[319]
  iSyndromes_2[31]
  iSyndromes_2[320]
  iSyndromes_2[321]
  iSyndromes_2[322]
  iSyndromes_2[323]
  iSyndromes_2[324]
  iSyndromes_2[325]
  iSyndromes_2[326]
  iSyndromes_2[327]
  iSyndromes_2[328]
  iSyndromes_2[329]
  iSyndromes_2[32]
  iSyndromes_2[330]
  iSyndromes_2[331]
  iSyndromes_2[332]
  iSyndromes_2[333]
  iSyndromes_2[334]
  iSyndromes_2[335]
  iSyndromes_2[336]
  iSyndromes_2[337]
  iSyndromes_2[338]
  iSyndromes_2[339]
  iSyndromes_2[33]
  iSyndromes_2[340]
  iSyndromes_2[341]
  iSyndromes_2[342]
  iSyndromes_2[343]
  iSyndromes_2[344]
  iSyndromes_2[345]
  iSyndromes_2[346]
  iSyndromes_2[347]
  iSyndromes_2[348]
  iSyndromes_2[349]
  iSyndromes_2[34]
  iSyndromes_2[350]
  iSyndromes_2[351]
  iSyndromes_2[352]
  iSyndromes_2[353]
  iSyndromes_2[354]
  iSyndromes_2[355]
  iSyndromes_2[356]
  iSyndromes_2[357]
  iSyndromes_2[358]
  iSyndromes_2[359]
  iSyndromes_2[35]
  iSyndromes_2[360]
  iSyndromes_2[361]
  iSyndromes_2[362]
  iSyndromes_2[363]
  iSyndromes_2[364]
  iSyndromes_2[365]
  iSyndromes_2[366]
  iSyndromes_2[367]
  iSyndromes_2[368]
  iSyndromes_2[369]
  iSyndromes_2[36]
  iSyndromes_2[370]
  iSyndromes_2[371]
  iSyndromes_2[372]
  iSyndromes_2[373]
  iSyndromes_2[374]
  iSyndromes_2[375]
  iSyndromes_2[376]
  iSyndromes_2[377]
  iSyndromes_2[378]
  iSyndromes_2[379]
  iSyndromes_2[37]
  iSyndromes_2[380]
  iSyndromes_2[381]
  iSyndromes_2[382]
  iSyndromes_2[383]
  iSyndromes_2[384]
  iSyndromes_2[385]
  iSyndromes_2[386]
  iSyndromes_2[387]
  iSyndromes_2[388]
  iSyndromes_2[389]
  iSyndromes_2[38]
  iSyndromes_2[390]
  iSyndromes_2[391]
  iSyndromes_2[392]
  iSyndromes_2[393]
  iSyndromes_2[394]
  iSyndromes_2[395]
  iSyndromes_2[396]
  iSyndromes_2[397]
  iSyndromes_2[398]
  iSyndromes_2[399]
  iSyndromes_2[39]
  iSyndromes_2[3]
  iSyndromes_2[400]
  iSyndromes_2[401]
  iSyndromes_2[402]
  iSyndromes_2[403]
  iSyndromes_2[404]
  iSyndromes_2[405]
  iSyndromes_2[406]
  iSyndromes_2[407]
  iSyndromes_2[408]
  iSyndromes_2[409]
  iSyndromes_2[40]
  iSyndromes_2[410]
  iSyndromes_2[411]
  iSyndromes_2[412]
  iSyndromes_2[413]
  iSyndromes_2[414]
  iSyndromes_2[415]
  iSyndromes_2[416]
  iSyndromes_2[417]
  iSyndromes_2[418]
  iSyndromes_2[419]
  iSyndromes_2[41]
  iSyndromes_2[420]
  iSyndromes_2[421]
  iSyndromes_2[422]
  iSyndromes_2[423]
  iSyndromes_2[424]
  iSyndromes_2[425]
  iSyndromes_2[426]
  iSyndromes_2[427]
  iSyndromes_2[428]
  iSyndromes_2[429]
  iSyndromes_2[42]
  iSyndromes_2[430]
  iSyndromes_2[431]
  iSyndromes_2[432]
  iSyndromes_2[433]
  iSyndromes_2[434]
  iSyndromes_2[435]
  iSyndromes_2[436]
  iSyndromes_2[437]
  iSyndromes_2[438]
  iSyndromes_2[439]
  iSyndromes_2[43]
  iSyndromes_2[440]
  iSyndromes_2[441]
  iSyndromes_2[442]
  iSyndromes_2[443]
  iSyndromes_2[444]
  iSyndromes_2[445]
  iSyndromes_2[446]
  iSyndromes_2[447]
  iSyndromes_2[448]
  iSyndromes_2[449]
  iSyndromes_2[44]
  iSyndromes_2[450]
  iSyndromes_2[451]
  iSyndromes_2[452]
  iSyndromes_2[453]
  iSyndromes_2[454]
  iSyndromes_2[455]
  iSyndromes_2[456]
  iSyndromes_2[457]
  iSyndromes_2[458]
  iSyndromes_2[459]
  iSyndromes_2[45]
  iSyndromes_2[460]
  iSyndromes_2[461]
  iSyndromes_2[462]
  iSyndromes_2[463]
  iSyndromes_2[464]
  iSyndromes_2[465]
  iSyndromes_2[466]
  iSyndromes_2[467]
  iSyndromes_2[468]
  iSyndromes_2[469]
  iSyndromes_2[46]
  iSyndromes_2[470]
  iSyndromes_2[471]
  iSyndromes_2[472]
  iSyndromes_2[473]
  iSyndromes_2[474]
  iSyndromes_2[475]
  iSyndromes_2[476]
  iSyndromes_2[477]
  iSyndromes_2[478]
  iSyndromes_2[479]
  iSyndromes_2[47]
  iSyndromes_2[480]
  iSyndromes_2[481]
  iSyndromes_2[482]
  iSyndromes_2[483]
  iSyndromes_2[484]
  iSyndromes_2[485]
  iSyndromes_2[486]
  iSyndromes_2[487]
  iSyndromes_2[488]
  iSyndromes_2[489]
  iSyndromes_2[48]
  iSyndromes_2[490]
  iSyndromes_2[491]
  iSyndromes_2[492]
  iSyndromes_2[493]
  iSyndromes_2[494]
  iSyndromes_2[495]
  iSyndromes_2[496]
  iSyndromes_2[497]
  iSyndromes_2[498]
  iSyndromes_2[499]
  iSyndromes_2[49]
  iSyndromes_2[4]
  iSyndromes_2[500]
  iSyndromes_2[501]
  iSyndromes_2[502]
  iSyndromes_2[503]
  iSyndromes_2[504]
  iSyndromes_2[505]
  iSyndromes_2[506]
  iSyndromes_2[507]
  iSyndromes_2[508]
  iSyndromes_2[509]
  iSyndromes_2[50]
  iSyndromes_2[510]
  iSyndromes_2[511]
  iSyndromes_2[512]
  iSyndromes_2[513]
  iSyndromes_2[514]
  iSyndromes_2[515]
  iSyndromes_2[516]
  iSyndromes_2[517]
  iSyndromes_2[518]
  iSyndromes_2[519]
  iSyndromes_2[51]
  iSyndromes_2[520]
  iSyndromes_2[521]
  iSyndromes_2[522]
  iSyndromes_2[523]
  iSyndromes_2[524]
  iSyndromes_2[525]
  iSyndromes_2[526]
  iSyndromes_2[527]
  iSyndromes_2[528]
  iSyndromes_2[529]
  iSyndromes_2[52]
  iSyndromes_2[530]
  iSyndromes_2[531]
  iSyndromes_2[532]
  iSyndromes_2[533]
  iSyndromes_2[534]
  iSyndromes_2[535]
  iSyndromes_2[536]
  iSyndromes_2[537]
  iSyndromes_2[538]
  iSyndromes_2[539]
  iSyndromes_2[53]
  iSyndromes_2[540]
  iSyndromes_2[541]
  iSyndromes_2[542]
  iSyndromes_2[543]
  iSyndromes_2[544]
  iSyndromes_2[545]
  iSyndromes_2[546]
  iSyndromes_2[547]
  iSyndromes_2[548]
  iSyndromes_2[549]
  iSyndromes_2[54]
  iSyndromes_2[550]
  iSyndromes_2[551]
  iSyndromes_2[552]
  iSyndromes_2[553]
  iSyndromes_2[554]
  iSyndromes_2[555]
  iSyndromes_2[556]
  iSyndromes_2[557]
  iSyndromes_2[558]
  iSyndromes_2[559]
  iSyndromes_2[55]
  iSyndromes_2[560]
  iSyndromes_2[561]
  iSyndromes_2[562]
  iSyndromes_2[563]
  iSyndromes_2[564]
  iSyndromes_2[565]
  iSyndromes_2[566]
  iSyndromes_2[567]
  iSyndromes_2[568]
  iSyndromes_2[569]
  iSyndromes_2[56]
  iSyndromes_2[570]
  iSyndromes_2[571]
  iSyndromes_2[572]
  iSyndromes_2[573]
  iSyndromes_2[574]
  iSyndromes_2[575]
  iSyndromes_2[576]
  iSyndromes_2[577]
  iSyndromes_2[578]
  iSyndromes_2[579]
  iSyndromes_2[57]
  iSyndromes_2[580]
  iSyndromes_2[581]
  iSyndromes_2[582]
  iSyndromes_2[583]
  iSyndromes_2[584]
  iSyndromes_2[585]
  iSyndromes_2[586]
  iSyndromes_2[587]
  iSyndromes_2[588]
  iSyndromes_2[589]
  iSyndromes_2[58]
  iSyndromes_2[590]
  iSyndromes_2[591]
  iSyndromes_2[592]
  iSyndromes_2[593]
  iSyndromes_2[594]
  iSyndromes_2[595]
  iSyndromes_2[596]
  iSyndromes_2[597]
  iSyndromes_2[598]
  iSyndromes_2[599]
  iSyndromes_2[59]
  iSyndromes_2[5]
  iSyndromes_2[600]
  iSyndromes_2[601]
  iSyndromes_2[602]
  iSyndromes_2[603]
  iSyndromes_2[604]
  iSyndromes_2[605]
  iSyndromes_2[606]
  iSyndromes_2[607]
  iSyndromes_2[608]
  iSyndromes_2[609]
  iSyndromes_2[60]
  iSyndromes_2[610]
  iSyndromes_2[611]
  iSyndromes_2[612]
  iSyndromes_2[613]
  iSyndromes_2[614]
  iSyndromes_2[615]
  iSyndromes_2[616]
  iSyndromes_2[617]
  iSyndromes_2[618]
  iSyndromes_2[619]
  iSyndromes_2[61]
  iSyndromes_2[620]
  iSyndromes_2[621]
  iSyndromes_2[622]
  iSyndromes_2[623]
  iSyndromes_2[624]
  iSyndromes_2[625]
  iSyndromes_2[626]
  iSyndromes_2[627]
  iSyndromes_2[628]
  iSyndromes_2[629]
  iSyndromes_2[62]
  iSyndromes_2[630]
  iSyndromes_2[631]
  iSyndromes_2[632]
  iSyndromes_2[633]
  iSyndromes_2[634]
  iSyndromes_2[635]
  iSyndromes_2[636]
  iSyndromes_2[637]
  iSyndromes_2[638]
  iSyndromes_2[639]
  iSyndromes_2[63]
  iSyndromes_2[640]
  iSyndromes_2[641]
  iSyndromes_2[642]
  iSyndromes_2[643]
  iSyndromes_2[644]
  iSyndromes_2[645]
  iSyndromes_2[646]
  iSyndromes_2[647]
  iSyndromes_2[64]
  iSyndromes_2[65]
  iSyndromes_2[66]
  iSyndromes_2[67]
  iSyndromes_2[68]
  iSyndromes_2[69]
  iSyndromes_2[6]
  iSyndromes_2[70]
  iSyndromes_2[71]
  iSyndromes_2[72]
  iSyndromes_2[73]
  iSyndromes_2[74]
  iSyndromes_2[75]
  iSyndromes_2[76]
  iSyndromes_2[77]
  iSyndromes_2[78]
  iSyndromes_2[79]
  iSyndromes_2[7]
  iSyndromes_2[80]
  iSyndromes_2[81]
  iSyndromes_2[82]
  iSyndromes_2[83]
  iSyndromes_2[84]
  iSyndromes_2[85]
  iSyndromes_2[86]
  iSyndromes_2[87]
  iSyndromes_2[88]
  iSyndromes_2[89]
  iSyndromes_2[8]
  iSyndromes_2[90]
  iSyndromes_2[91]
  iSyndromes_2[92]
  iSyndromes_2[93]
  iSyndromes_2[94]
  iSyndromes_2[95]
  iSyndromes_2[96]
  iSyndromes_2[97]
  iSyndromes_2[98]
  iSyndromes_2[99]
  iSyndromes_2[9]
  iSyndromes_3[0]
  iSyndromes_3[100]
  iSyndromes_3[101]
  iSyndromes_3[102]
  iSyndromes_3[103]
  iSyndromes_3[104]
  iSyndromes_3[105]
  iSyndromes_3[106]
  iSyndromes_3[107]
  iSyndromes_3[108]
  iSyndromes_3[109]
  iSyndromes_3[10]
  iSyndromes_3[110]
  iSyndromes_3[111]
  iSyndromes_3[112]
  iSyndromes_3[113]
  iSyndromes_3[114]
  iSyndromes_3[115]
  iSyndromes_3[116]
  iSyndromes_3[117]
  iSyndromes_3[118]
  iSyndromes_3[119]
  iSyndromes_3[11]
  iSyndromes_3[120]
  iSyndromes_3[121]
  iSyndromes_3[122]
  iSyndromes_3[123]
  iSyndromes_3[124]
  iSyndromes_3[125]
  iSyndromes_3[126]
  iSyndromes_3[127]
  iSyndromes_3[128]
  iSyndromes_3[129]
  iSyndromes_3[12]
  iSyndromes_3[130]
  iSyndromes_3[131]
  iSyndromes_3[132]
  iSyndromes_3[133]
  iSyndromes_3[134]
  iSyndromes_3[135]
  iSyndromes_3[136]
  iSyndromes_3[137]
  iSyndromes_3[138]
  iSyndromes_3[139]
  iSyndromes_3[13]
  iSyndromes_3[140]
  iSyndromes_3[141]
  iSyndromes_3[142]
  iSyndromes_3[143]
  iSyndromes_3[144]
  iSyndromes_3[145]
  iSyndromes_3[146]
  iSyndromes_3[147]
  iSyndromes_3[148]
  iSyndromes_3[149]
  iSyndromes_3[14]
  iSyndromes_3[150]
  iSyndromes_3[151]
  iSyndromes_3[152]
  iSyndromes_3[153]
  iSyndromes_3[154]
  iSyndromes_3[155]
  iSyndromes_3[156]
  iSyndromes_3[157]
  iSyndromes_3[158]
  iSyndromes_3[159]
  iSyndromes_3[15]
  iSyndromes_3[160]
  iSyndromes_3[161]
  iSyndromes_3[162]
  iSyndromes_3[163]
  iSyndromes_3[164]
  iSyndromes_3[165]
  iSyndromes_3[166]
  iSyndromes_3[167]
  iSyndromes_3[168]
  iSyndromes_3[169]
  iSyndromes_3[16]
  iSyndromes_3[170]
  iSyndromes_3[171]
  iSyndromes_3[172]
  iSyndromes_3[173]
  iSyndromes_3[174]
  iSyndromes_3[175]
  iSyndromes_3[176]
  iSyndromes_3[177]
  iSyndromes_3[178]
  iSyndromes_3[179]
  iSyndromes_3[17]
  iSyndromes_3[180]
  iSyndromes_3[181]
  iSyndromes_3[182]
  iSyndromes_3[183]
  iSyndromes_3[184]
  iSyndromes_3[185]
  iSyndromes_3[186]
  iSyndromes_3[187]
  iSyndromes_3[188]
  iSyndromes_3[189]
  iSyndromes_3[18]
  iSyndromes_3[190]
  iSyndromes_3[191]
  iSyndromes_3[192]
  iSyndromes_3[193]
  iSyndromes_3[194]
  iSyndromes_3[195]
  iSyndromes_3[196]
  iSyndromes_3[197]
  iSyndromes_3[198]
  iSyndromes_3[199]
  iSyndromes_3[19]
  iSyndromes_3[1]
  iSyndromes_3[200]
  iSyndromes_3[201]
  iSyndromes_3[202]
  iSyndromes_3[203]
  iSyndromes_3[204]
  iSyndromes_3[205]
  iSyndromes_3[206]
  iSyndromes_3[207]
  iSyndromes_3[208]
  iSyndromes_3[209]
  iSyndromes_3[20]
  iSyndromes_3[210]
  iSyndromes_3[211]
  iSyndromes_3[212]
  iSyndromes_3[213]
  iSyndromes_3[214]
  iSyndromes_3[215]
  iSyndromes_3[216]
  iSyndromes_3[217]
  iSyndromes_3[218]
  iSyndromes_3[219]
  iSyndromes_3[21]
  iSyndromes_3[220]
  iSyndromes_3[221]
  iSyndromes_3[222]
  iSyndromes_3[223]
  iSyndromes_3[224]
  iSyndromes_3[225]
  iSyndromes_3[226]
  iSyndromes_3[227]
  iSyndromes_3[228]
  iSyndromes_3[229]
  iSyndromes_3[22]
  iSyndromes_3[230]
  iSyndromes_3[231]
  iSyndromes_3[232]
  iSyndromes_3[233]
  iSyndromes_3[234]
  iSyndromes_3[235]
  iSyndromes_3[236]
  iSyndromes_3[237]
  iSyndromes_3[238]
  iSyndromes_3[239]
  iSyndromes_3[23]
  iSyndromes_3[240]
  iSyndromes_3[241]
  iSyndromes_3[242]
  iSyndromes_3[243]
  iSyndromes_3[244]
  iSyndromes_3[245]
  iSyndromes_3[246]
  iSyndromes_3[247]
  iSyndromes_3[248]
  iSyndromes_3[249]
  iSyndromes_3[24]
  iSyndromes_3[250]
  iSyndromes_3[251]
  iSyndromes_3[252]
  iSyndromes_3[253]
  iSyndromes_3[254]
  iSyndromes_3[255]
  iSyndromes_3[256]
  iSyndromes_3[257]
  iSyndromes_3[258]
  iSyndromes_3[259]
  iSyndromes_3[25]
  iSyndromes_3[260]
  iSyndromes_3[261]
  iSyndromes_3[262]
  iSyndromes_3[263]
  iSyndromes_3[264]
  iSyndromes_3[265]
  iSyndromes_3[266]
  iSyndromes_3[267]
  iSyndromes_3[268]
  iSyndromes_3[269]
  iSyndromes_3[26]
  iSyndromes_3[270]
  iSyndromes_3[271]
  iSyndromes_3[272]
  iSyndromes_3[273]
  iSyndromes_3[274]
  iSyndromes_3[275]
  iSyndromes_3[276]
  iSyndromes_3[277]
  iSyndromes_3[278]
  iSyndromes_3[279]
  iSyndromes_3[27]
  iSyndromes_3[280]
  iSyndromes_3[281]
  iSyndromes_3[282]
  iSyndromes_3[283]
  iSyndromes_3[284]
  iSyndromes_3[285]
  iSyndromes_3[286]
  iSyndromes_3[287]
  iSyndromes_3[288]
  iSyndromes_3[289]
  iSyndromes_3[28]
  iSyndromes_3[290]
  iSyndromes_3[291]
  iSyndromes_3[292]
  iSyndromes_3[293]
  iSyndromes_3[294]
  iSyndromes_3[295]
  iSyndromes_3[296]
  iSyndromes_3[297]
  iSyndromes_3[298]
  iSyndromes_3[299]
  iSyndromes_3[29]
  iSyndromes_3[2]
  iSyndromes_3[300]
  iSyndromes_3[301]
  iSyndromes_3[302]
  iSyndromes_3[303]
  iSyndromes_3[304]
  iSyndromes_3[305]
  iSyndromes_3[306]
  iSyndromes_3[307]
  iSyndromes_3[308]
  iSyndromes_3[309]
  iSyndromes_3[30]
  iSyndromes_3[310]
  iSyndromes_3[311]
  iSyndromes_3[312]
  iSyndromes_3[313]
  iSyndromes_3[314]
  iSyndromes_3[315]
  iSyndromes_3[316]
  iSyndromes_3[317]
  iSyndromes_3[318]
  iSyndromes_3[319]
  iSyndromes_3[31]
  iSyndromes_3[320]
  iSyndromes_3[321]
  iSyndromes_3[322]
  iSyndromes_3[323]
  iSyndromes_3[324]
  iSyndromes_3[325]
  iSyndromes_3[326]
  iSyndromes_3[327]
  iSyndromes_3[328]
  iSyndromes_3[329]
  iSyndromes_3[32]
  iSyndromes_3[330]
  iSyndromes_3[331]
  iSyndromes_3[332]
  iSyndromes_3[333]
  iSyndromes_3[334]
  iSyndromes_3[335]
  iSyndromes_3[336]
  iSyndromes_3[337]
  iSyndromes_3[338]
  iSyndromes_3[339]
  iSyndromes_3[33]
  iSyndromes_3[340]
  iSyndromes_3[341]
  iSyndromes_3[342]
  iSyndromes_3[343]
  iSyndromes_3[344]
  iSyndromes_3[345]
  iSyndromes_3[346]
  iSyndromes_3[347]
  iSyndromes_3[348]
  iSyndromes_3[349]
  iSyndromes_3[34]
  iSyndromes_3[350]
  iSyndromes_3[351]
  iSyndromes_3[352]
  iSyndromes_3[353]
  iSyndromes_3[354]
  iSyndromes_3[355]
  iSyndromes_3[356]
  iSyndromes_3[357]
  iSyndromes_3[358]
  iSyndromes_3[359]
  iSyndromes_3[35]
  iSyndromes_3[360]
  iSyndromes_3[361]
  iSyndromes_3[362]
  iSyndromes_3[363]
  iSyndromes_3[364]
  iSyndromes_3[365]
  iSyndromes_3[366]
  iSyndromes_3[367]
  iSyndromes_3[368]
  iSyndromes_3[369]
  iSyndromes_3[36]
  iSyndromes_3[370]
  iSyndromes_3[371]
  iSyndromes_3[372]
  iSyndromes_3[373]
  iSyndromes_3[374]
  iSyndromes_3[375]
  iSyndromes_3[376]
  iSyndromes_3[377]
  iSyndromes_3[378]
  iSyndromes_3[379]
  iSyndromes_3[37]
  iSyndromes_3[380]
  iSyndromes_3[381]
  iSyndromes_3[382]
  iSyndromes_3[383]
  iSyndromes_3[384]
  iSyndromes_3[385]
  iSyndromes_3[386]
  iSyndromes_3[387]
  iSyndromes_3[388]
  iSyndromes_3[389]
  iSyndromes_3[38]
  iSyndromes_3[390]
  iSyndromes_3[391]
  iSyndromes_3[392]
  iSyndromes_3[393]
  iSyndromes_3[394]
  iSyndromes_3[395]
  iSyndromes_3[396]
  iSyndromes_3[397]
  iSyndromes_3[398]
  iSyndromes_3[399]
  iSyndromes_3[39]
  iSyndromes_3[3]
  iSyndromes_3[400]
  iSyndromes_3[401]
  iSyndromes_3[402]
  iSyndromes_3[403]
  iSyndromes_3[404]
  iSyndromes_3[405]
  iSyndromes_3[406]
  iSyndromes_3[407]
  iSyndromes_3[408]
  iSyndromes_3[409]
  iSyndromes_3[40]
  iSyndromes_3[410]
  iSyndromes_3[411]
  iSyndromes_3[412]
  iSyndromes_3[413]
  iSyndromes_3[414]
  iSyndromes_3[415]
  iSyndromes_3[416]
  iSyndromes_3[417]
  iSyndromes_3[418]
  iSyndromes_3[419]
  iSyndromes_3[41]
  iSyndromes_3[420]
  iSyndromes_3[421]
  iSyndromes_3[422]
  iSyndromes_3[423]
  iSyndromes_3[424]
  iSyndromes_3[425]
  iSyndromes_3[426]
  iSyndromes_3[427]
  iSyndromes_3[428]
  iSyndromes_3[429]
  iSyndromes_3[42]
  iSyndromes_3[430]
  iSyndromes_3[431]
  iSyndromes_3[432]
  iSyndromes_3[433]
  iSyndromes_3[434]
  iSyndromes_3[435]
  iSyndromes_3[436]
  iSyndromes_3[437]
  iSyndromes_3[438]
  iSyndromes_3[439]
  iSyndromes_3[43]
  iSyndromes_3[440]
  iSyndromes_3[441]
  iSyndromes_3[442]
  iSyndromes_3[443]
  iSyndromes_3[444]
  iSyndromes_3[445]
  iSyndromes_3[446]
  iSyndromes_3[447]
  iSyndromes_3[448]
  iSyndromes_3[449]
  iSyndromes_3[44]
  iSyndromes_3[450]
  iSyndromes_3[451]
  iSyndromes_3[452]
  iSyndromes_3[453]
  iSyndromes_3[454]
  iSyndromes_3[455]
  iSyndromes_3[456]
  iSyndromes_3[457]
  iSyndromes_3[458]
  iSyndromes_3[459]
  iSyndromes_3[45]
  iSyndromes_3[460]
  iSyndromes_3[461]
  iSyndromes_3[462]
  iSyndromes_3[463]
  iSyndromes_3[464]
  iSyndromes_3[465]
  iSyndromes_3[466]
  iSyndromes_3[467]
  iSyndromes_3[468]
  iSyndromes_3[469]
  iSyndromes_3[46]
  iSyndromes_3[470]
  iSyndromes_3[471]
  iSyndromes_3[472]
  iSyndromes_3[473]
  iSyndromes_3[474]
  iSyndromes_3[475]
  iSyndromes_3[476]
  iSyndromes_3[477]
  iSyndromes_3[478]
  iSyndromes_3[479]
  iSyndromes_3[47]
  iSyndromes_3[480]
  iSyndromes_3[481]
  iSyndromes_3[482]
  iSyndromes_3[483]
  iSyndromes_3[484]
  iSyndromes_3[485]
  iSyndromes_3[486]
  iSyndromes_3[487]
  iSyndromes_3[488]
  iSyndromes_3[489]
  iSyndromes_3[48]
  iSyndromes_3[490]
  iSyndromes_3[491]
  iSyndromes_3[492]
  iSyndromes_3[493]
  iSyndromes_3[494]
  iSyndromes_3[495]
  iSyndromes_3[496]
  iSyndromes_3[497]
  iSyndromes_3[498]
  iSyndromes_3[499]
  iSyndromes_3[49]
  iSyndromes_3[4]
  iSyndromes_3[500]
  iSyndromes_3[501]
  iSyndromes_3[502]
  iSyndromes_3[503]
  iSyndromes_3[504]
  iSyndromes_3[505]
  iSyndromes_3[506]
  iSyndromes_3[507]
  iSyndromes_3[508]
  iSyndromes_3[509]
  iSyndromes_3[50]
  iSyndromes_3[510]
  iSyndromes_3[511]
  iSyndromes_3[512]
  iSyndromes_3[513]
  iSyndromes_3[514]
  iSyndromes_3[515]
  iSyndromes_3[516]
  iSyndromes_3[517]
  iSyndromes_3[518]
  iSyndromes_3[519]
  iSyndromes_3[51]
  iSyndromes_3[520]
  iSyndromes_3[521]
  iSyndromes_3[522]
  iSyndromes_3[523]
  iSyndromes_3[524]
  iSyndromes_3[525]
  iSyndromes_3[526]
  iSyndromes_3[527]
  iSyndromes_3[528]
  iSyndromes_3[529]
  iSyndromes_3[52]
  iSyndromes_3[530]
  iSyndromes_3[531]
  iSyndromes_3[532]
  iSyndromes_3[533]
  iSyndromes_3[534]
  iSyndromes_3[535]
  iSyndromes_3[536]
  iSyndromes_3[537]
  iSyndromes_3[538]
  iSyndromes_3[539]
  iSyndromes_3[53]
  iSyndromes_3[540]
  iSyndromes_3[541]
  iSyndromes_3[542]
  iSyndromes_3[543]
  iSyndromes_3[544]
  iSyndromes_3[545]
  iSyndromes_3[546]
  iSyndromes_3[547]
  iSyndromes_3[548]
  iSyndromes_3[549]
  iSyndromes_3[54]
  iSyndromes_3[550]
  iSyndromes_3[551]
  iSyndromes_3[552]
  iSyndromes_3[553]
  iSyndromes_3[554]
  iSyndromes_3[555]
  iSyndromes_3[556]
  iSyndromes_3[557]
  iSyndromes_3[558]
  iSyndromes_3[559]
  iSyndromes_3[55]
  iSyndromes_3[560]
  iSyndromes_3[561]
  iSyndromes_3[562]
  iSyndromes_3[563]
  iSyndromes_3[564]
  iSyndromes_3[565]
  iSyndromes_3[566]
  iSyndromes_3[567]
  iSyndromes_3[568]
  iSyndromes_3[569]
  iSyndromes_3[56]
  iSyndromes_3[570]
  iSyndromes_3[571]
  iSyndromes_3[572]
  iSyndromes_3[573]
  iSyndromes_3[574]
  iSyndromes_3[575]
  iSyndromes_3[576]
  iSyndromes_3[577]
  iSyndromes_3[578]
  iSyndromes_3[579]
  iSyndromes_3[57]
  iSyndromes_3[580]
  iSyndromes_3[581]
  iSyndromes_3[582]
  iSyndromes_3[583]
  iSyndromes_3[584]
  iSyndromes_3[585]
  iSyndromes_3[586]
  iSyndromes_3[587]
  iSyndromes_3[588]
  iSyndromes_3[589]
  iSyndromes_3[58]
  iSyndromes_3[590]
  iSyndromes_3[591]
  iSyndromes_3[592]
  iSyndromes_3[593]
  iSyndromes_3[594]
  iSyndromes_3[595]
  iSyndromes_3[596]
  iSyndromes_3[597]
  iSyndromes_3[598]
  iSyndromes_3[599]
  iSyndromes_3[59]
  iSyndromes_3[5]
  iSyndromes_3[600]
  iSyndromes_3[601]
  iSyndromes_3[602]
  iSyndromes_3[603]
  iSyndromes_3[604]
  iSyndromes_3[605]
  iSyndromes_3[606]
  iSyndromes_3[607]
  iSyndromes_3[608]
  iSyndromes_3[609]
  iSyndromes_3[60]
  iSyndromes_3[610]
  iSyndromes_3[611]
  iSyndromes_3[612]
  iSyndromes_3[613]
  iSyndromes_3[614]
  iSyndromes_3[615]
  iSyndromes_3[616]
  iSyndromes_3[617]
  iSyndromes_3[618]
  iSyndromes_3[619]
  iSyndromes_3[61]
  iSyndromes_3[620]
  iSyndromes_3[621]
  iSyndromes_3[622]
  iSyndromes_3[623]
  iSyndromes_3[624]
  iSyndromes_3[625]
  iSyndromes_3[626]
  iSyndromes_3[627]
  iSyndromes_3[628]
  iSyndromes_3[629]
  iSyndromes_3[62]
  iSyndromes_3[630]
  iSyndromes_3[631]
  iSyndromes_3[632]
  iSyndromes_3[633]
  iSyndromes_3[634]
  iSyndromes_3[635]
  iSyndromes_3[636]
  iSyndromes_3[637]
  iSyndromes_3[638]
  iSyndromes_3[639]
  iSyndromes_3[63]
  iSyndromes_3[640]
  iSyndromes_3[641]
  iSyndromes_3[642]
  iSyndromes_3[643]
  iSyndromes_3[644]
  iSyndromes_3[645]
  iSyndromes_3[646]
  iSyndromes_3[647]
  iSyndromes_3[64]
  iSyndromes_3[65]
  iSyndromes_3[66]
  iSyndromes_3[67]
  iSyndromes_3[68]
  iSyndromes_3[69]
  iSyndromes_3[6]
  iSyndromes_3[70]
  iSyndromes_3[71]
  iSyndromes_3[72]
  iSyndromes_3[73]
  iSyndromes_3[74]
  iSyndromes_3[75]
  iSyndromes_3[76]
  iSyndromes_3[77]
  iSyndromes_3[78]
  iSyndromes_3[79]
  iSyndromes_3[7]
  iSyndromes_3[80]
  iSyndromes_3[81]
  iSyndromes_3[82]
  iSyndromes_3[83]
  iSyndromes_3[84]
  iSyndromes_3[85]
  iSyndromes_3[86]
  iSyndromes_3[87]
  iSyndromes_3[88]
  iSyndromes_3[89]
  iSyndromes_3[8]
  iSyndromes_3[90]
  iSyndromes_3[91]
  iSyndromes_3[92]
  iSyndromes_3[93]
  iSyndromes_3[94]
  iSyndromes_3[95]
  iSyndromes_3[96]
  iSyndromes_3[97]
  iSyndromes_3[98]
  iSyndromes_3[99]
  iSyndromes_3[9]
Warning: There are 40 unconstrained endpoints.
  oClusterErrorCount_0[13]
  oClusterErrorCount_0[14]
  oClusterErrorCount_0[15]
  oClusterErrorCount_0[16]
  oClusterErrorCount_0[17]
  oClusterErrorCount_0[4]
  oClusterErrorCount_0[5]
  oClusterErrorCount_0[6]
  oClusterErrorCount_0[7]
  oClusterErrorCount_0[8]
  oClusterErrorCount_1[13]
  oClusterErrorCount_1[14]
  oClusterErrorCount_1[15]
  oClusterErrorCount_1[16]
  oClusterErrorCount_1[17]
  oClusterErrorCount_1[4]
  oClusterErrorCount_1[5]
  oClusterErrorCount_1[6]
  oClusterErrorCount_1[7]
  oClusterErrorCount_1[8]
  oClusterErrorCount_2[13]
  oClusterErrorCount_2[14]
  oClusterErrorCount_2[15]
  oClusterErrorCount_2[16]
  oClusterErrorCount_2[17]
  oClusterErrorCount_2[4]
  oClusterErrorCount_2[5]
  oClusterErrorCount_2[6]
  oClusterErrorCount_2[7]
  oClusterErrorCount_2[8]
  oClusterErrorCount_3[13]
  oClusterErrorCount_3[14]
  oClusterErrorCount_3[15]
  oClusterErrorCount_3[16]
  oClusterErrorCount_3[17]
  oClusterErrorCount_3[4]
  oClusterErrorCount_3[5]
  oClusterErrorCount_3[6]
  oClusterErrorCount_3[7]
  oClusterErrorCount_3[8]
