
53. Executing CHECK pass (checking for obvious problems).
Checking module BCHSCCS...
Checking module d_SC_serial_lfs_XOR_027...
Checking module d_SC_serial_lfs_XOR_025...
Checking module d_SC_serial_lfs_XOR_023...
Checking module d_SC_serial_lfs_XOR_021...
Checking module d_SC_serial_lfs_XOR_019...
Checking module d_SC_serial_lfs_XOR_017...
Checking module d_SC_serial_lfs_XOR_015...
Checking module d_SC_serial_lfs_XOR_013...
Checking module d_SC_serial_lfs_XOR_011...
Checking module d_SC_serial_lfs_XOR_009...
Checking module d_SC_serial_lfs_XOR_007...
Checking module d_SC_serial_lfs_XOR_005...
Checking module d_SC_serial_lfs_XOR_003...
Checking module d_SC_serial_lfs_XOR_001...
Checking module d_SC_parallel_lfs_XOR_001...
Checking module d_SC_parallel_lfs_XOR_003...
Checking module d_SC_parallel_lfs_XOR_005...
Checking module d_SC_parallel_lfs_XOR_007...
Checking module d_SC_parallel_lfs_XOR_009...
Checking module d_SC_parallel_lfs_XOR_011...
Checking module d_SC_parallel_lfs_XOR_013...
Checking module d_SC_parallel_lfs_XOR_015...
Checking module d_SC_parallel_lfs_XOR_017...
Checking module d_SC_parallel_lfs_XOR_019...
Checking module d_SC_parallel_lfs_XOR_021...
Checking module d_SC_parallel_lfs_XOR_023...
Checking module d_SC_parallel_lfs_XOR_025...
Checking module d_SC_parallel_lfs_XOR_027...
Checking module d_SC_evaluation_matrix_001...
Checking module d_SC_evaluation_matrix_002...
Checking module d_SC_evaluation_matrix_003...
Checking module d_SC_evaluation_matrix_004...
Checking module d_SC_evaluation_matrix_005...
Checking module d_SC_evaluation_matrix_006...
Checking module d_SC_evaluation_matrix_007...
Checking module d_SC_evaluation_matrix_008...
Checking module d_SC_evaluation_matrix_009...
Checking module d_SC_evaluation_matrix_010...
Checking module d_SC_evaluation_matrix_011...
Checking module d_SC_evaluation_matrix_012...
Checking module d_SC_evaluation_matrix_013...
Checking module d_SC_evaluation_matrix_014...
Checking module d_SC_evaluation_matrix_015...
Checking module d_SC_evaluation_matrix_016...
Checking module d_SC_evaluation_matrix_017...
Checking module d_SC_evaluation_matrix_018...
Checking module d_SC_evaluation_matrix_019...
Checking module d_SC_evaluation_matrix_020...
Checking module d_SC_evaluation_matrix_021...
Checking module d_SC_evaluation_matrix_022...
Checking module d_SC_evaluation_matrix_023...
Checking module d_SC_evaluation_matrix_024...
Checking module d_SC_evaluation_matrix_025...
Checking module d_SC_evaluation_matrix_026...
Checking module d_SC_evaluation_matrix_027...
Checking module d_CS_shortening_matrix_alpha_to_001...
Checking module d_CS_shortening_matrix_alpha_to_002...
Checking module d_CS_shortening_matrix_alpha_to_003...
Checking module d_CS_shortening_matrix_alpha_to_004...
Checking module d_CS_shortening_matrix_alpha_to_005...
Checking module d_CS_shortening_matrix_alpha_to_006...
Checking module d_CS_shortening_matrix_alpha_to_007...
Checking module d_CS_shortening_matrix_alpha_to_008...
Checking module d_CS_shortening_matrix_alpha_to_009...
Checking module d_CS_shortening_matrix_alpha_to_010...
Checking module d_CS_shortening_matrix_alpha_to_011...
Checking module d_CS_shortening_matrix_alpha_to_012...
Checking module d_CS_shortening_matrix_alpha_to_013...
Checking module d_CS_shortening_matrix_alpha_to_014...
Checking module d_CS_evaluation_matrix_slot_001_alpha_to_001...
Checking module d_CS_evaluation_matrix_slot_001_alpha_to_002...
Checking module d_CS_evaluation_matrix_slot_001_alpha_to_003...
Checking module d_CS_evaluation_matrix_slot_001_alpha_to_004...
Checking module d_CS_evaluation_matrix_slot_001_alpha_to_005...
Checking module d_CS_evaluation_matrix_slot_001_alpha_to_006...
Checking module d_CS_evaluation_matrix_slot_001_alpha_to_007...
Checking module d_CS_evaluation_matrix_slot_001_alpha_to_008...
Checking module d_CS_evaluation_matrix_slot_001_alpha_to_009...
Checking module d_CS_evaluation_matrix_slot_001_alpha_to_010...
Checking module d_CS_evaluation_matrix_slot_001_alpha_to_011...
Checking module d_CS_evaluation_matrix_slot_001_alpha_to_012...
Checking module d_CS_evaluation_matrix_slot_001_alpha_to_013...
Checking module d_CS_evaluation_matrix_slot_001_alpha_to_014...
Checking module d_CS_evaluation_matrix_slot_002_alpha_to_001...
Checking module d_CS_evaluation_matrix_slot_002_alpha_to_002...
Checking module d_CS_evaluation_matrix_slot_002_alpha_to_003...
Checking module d_CS_evaluation_matrix_slot_002_alpha_to_004...
Checking module d_CS_evaluation_matrix_slot_002_alpha_to_005...
Checking module d_CS_evaluation_matrix_slot_002_alpha_to_006...
Checking module d_CS_evaluation_matrix_slot_002_alpha_to_007...
Checking module d_CS_evaluation_matrix_slot_002_alpha_to_008...
Checking module d_CS_evaluation_matrix_slot_002_alpha_to_009...
Checking module d_CS_evaluation_matrix_slot_002_alpha_to_010...
Checking module d_CS_evaluation_matrix_slot_002_alpha_to_011...
Checking module d_CS_evaluation_matrix_slot_002_alpha_to_012...
Checking module d_CS_evaluation_matrix_slot_002_alpha_to_013...
Checking module d_CS_evaluation_matrix_slot_002_alpha_to_014...
Checking module d_CS_evaluation_matrix_slot_003_alpha_to_001...
Checking module d_CS_evaluation_matrix_slot_003_alpha_to_002...
Checking module d_CS_evaluation_matrix_slot_003_alpha_to_003...
Checking module d_CS_evaluation_matrix_slot_003_alpha_to_004...
Checking module d_CS_evaluation_matrix_slot_003_alpha_to_005...
Checking module d_CS_evaluation_matrix_slot_003_alpha_to_006...
Checking module d_CS_evaluation_matrix_slot_003_alpha_to_007...
Checking module d_CS_evaluation_matrix_slot_003_alpha_to_008...
Checking module d_CS_evaluation_matrix_slot_003_alpha_to_009...
Checking module d_CS_evaluation_matrix_slot_003_alpha_to_010...
Checking module d_CS_evaluation_matrix_slot_003_alpha_to_011...
Checking module d_CS_evaluation_matrix_slot_003_alpha_to_012...
Checking module d_CS_evaluation_matrix_slot_003_alpha_to_013...
Checking module d_CS_evaluation_matrix_slot_003_alpha_to_014...
Checking module d_CS_evaluation_matrix_slot_004_alpha_to_001...
Checking module d_CS_evaluation_matrix_slot_004_alpha_to_002...
Checking module d_CS_evaluation_matrix_slot_004_alpha_to_003...
Checking module d_CS_evaluation_matrix_slot_004_alpha_to_004...
Checking module d_CS_evaluation_matrix_slot_004_alpha_to_005...
Checking module d_CS_evaluation_matrix_slot_004_alpha_to_006...
Checking module d_CS_evaluation_matrix_slot_004_alpha_to_007...
Checking module d_CS_evaluation_matrix_slot_004_alpha_to_008...
Checking module d_CS_evaluation_matrix_slot_004_alpha_to_009...
Checking module d_CS_evaluation_matrix_slot_004_alpha_to_010...
Checking module d_CS_evaluation_matrix_slot_004_alpha_to_011...
Checking module d_CS_evaluation_matrix_slot_004_alpha_to_012...
Checking module d_CS_evaluation_matrix_slot_004_alpha_to_013...
Checking module d_CS_evaluation_matrix_slot_004_alpha_to_014...
Checking module d_CS_evaluation_matrix_slot_005_alpha_to_001...
Checking module d_CS_evaluation_matrix_slot_005_alpha_to_002...
Checking module d_CS_evaluation_matrix_slot_005_alpha_to_003...
Checking module d_CS_evaluation_matrix_slot_005_alpha_to_004...
Checking module d_CS_evaluation_matrix_slot_005_alpha_to_005...
Checking module d_CS_evaluation_matrix_slot_005_alpha_to_006...
Checking module d_CS_evaluation_matrix_slot_005_alpha_to_007...
Checking module d_CS_evaluation_matrix_slot_005_alpha_to_008...
Checking module d_CS_evaluation_matrix_slot_005_alpha_to_009...
Checking module d_CS_evaluation_matrix_slot_005_alpha_to_010...
Checking module d_CS_evaluation_matrix_slot_005_alpha_to_011...
Checking module d_CS_evaluation_matrix_slot_005_alpha_to_012...
Checking module d_CS_evaluation_matrix_slot_005_alpha_to_013...
Checking module d_CS_evaluation_matrix_slot_005_alpha_to_014...
Checking module d_CS_evaluation_matrix_slot_006_alpha_to_001...
Checking module d_CS_evaluation_matrix_slot_006_alpha_to_002...
Checking module d_CS_evaluation_matrix_slot_006_alpha_to_003...
Checking module d_CS_evaluation_matrix_slot_006_alpha_to_004...
Checking module d_CS_evaluation_matrix_slot_006_alpha_to_005...
Checking module d_CS_evaluation_matrix_slot_006_alpha_to_006...
Checking module d_CS_evaluation_matrix_slot_006_alpha_to_007...
Checking module d_CS_evaluation_matrix_slot_006_alpha_to_008...
Checking module d_CS_evaluation_matrix_slot_006_alpha_to_009...
Checking module d_CS_evaluation_matrix_slot_006_alpha_to_010...
Checking module d_CS_evaluation_matrix_slot_006_alpha_to_011...
Checking module d_CS_evaluation_matrix_slot_006_alpha_to_012...
Checking module d_CS_evaluation_matrix_slot_006_alpha_to_013...
Checking module d_CS_evaluation_matrix_slot_006_alpha_to_014...
Checking module d_CS_evaluation_matrix_slot_007_alpha_to_001...
Checking module d_CS_evaluation_matrix_slot_007_alpha_to_002...
Checking module d_CS_evaluation_matrix_slot_007_alpha_to_003...
Checking module d_CS_evaluation_matrix_slot_007_alpha_to_004...
Checking module d_CS_evaluation_matrix_slot_007_alpha_to_005...
Checking module d_CS_evaluation_matrix_slot_007_alpha_to_006...
Checking module d_CS_evaluation_matrix_slot_007_alpha_to_007...
Checking module d_CS_evaluation_matrix_slot_007_alpha_to_008...
Checking module d_CS_evaluation_matrix_slot_007_alpha_to_009...
Checking module d_CS_evaluation_matrix_slot_007_alpha_to_010...
Checking module d_CS_evaluation_matrix_slot_007_alpha_to_011...
Checking module d_CS_evaluation_matrix_slot_007_alpha_to_012...
Checking module d_CS_evaluation_matrix_slot_007_alpha_to_013...
Checking module d_CS_evaluation_matrix_slot_007_alpha_to_014...
Checking module d_CS_evaluation_matrix_slot_008_alpha_to_001...
Checking module d_CS_evaluation_matrix_slot_008_alpha_to_002...
Checking module d_CS_evaluation_matrix_slot_008_alpha_to_003...
Checking module d_CS_evaluation_matrix_slot_008_alpha_to_004...
Checking module d_CS_evaluation_matrix_slot_008_alpha_to_005...
Checking module d_CS_evaluation_matrix_slot_008_alpha_to_006...
Checking module d_CS_evaluation_matrix_slot_008_alpha_to_007...
Checking module d_CS_evaluation_matrix_slot_008_alpha_to_008...
Checking module d_CS_evaluation_matrix_slot_008_alpha_to_009...
Checking module d_CS_evaluation_matrix_slot_008_alpha_to_010...
Checking module d_CS_evaluation_matrix_slot_008_alpha_to_011...
Checking module d_CS_evaluation_matrix_slot_008_alpha_to_012...
Checking module d_CS_evaluation_matrix_slot_008_alpha_to_013...
Checking module d_CS_evaluation_matrix_slot_008_alpha_to_014...
Checking module d_serial_m_lfs_XOR...
Checking module d_BCH_CS_top...
Checking module $paramod$c45bc776b1bbfd510eebeeab9960928a99fda074\RTL_Simple_Dual_Port_RAM...
Checking module d_BCH_SC_top...
Checking module d_parallel_m_lfs_XOR...
Checking module $paramod\CRC_serial_m_lfs_XOR\HASH_LENGTH=s32'00000000000000000000000001000000...
Checking module $paramod$f90f7f35014330355de1bee13c60dacacda4a49f\DecWidthConverter32to16...
Checking module $paramod$7edcb0e535b88c96c2c16d7325889a3e6e50a0f1\d_BCH_SC_X...
Checking module $paramod$14ebb02b91d47d510c4716eda8ada941f3697cad\d_r_message_buffer_X...
Checking module $paramod$7edcb0e535b88c96c2c16d7325889a3e6e50a0f1\d_BCH_CS_X...
Checking module $paramod$2afc22e70c8405d81924059eb6ec4c07d319eaf3\DecWidthConverter16to32...
Checking module $paramod$b422c974b6048d5f932d421d1a31b974c07729e5\FIFO_sync...
Checking module d_BCH_encoder_top...
Checking module $paramod$e0d6a7ae5786d45bd854e5cfb3aa6a53f351e2b0\CRC_parallel_m_lfs_XOR...
Checking module $paramod$6d973bd224b9353304d66dcf321e0e791243dd6e\CRC_Checker...
Checking module $paramod$c13cc500081443e7cd2087a2247a2ef7a67a43fc\FIFO_sync...
Checking module $paramod$9ce38f3f28f1b8aaaf38d1d010599f64956e37e5\PageDecoderTop...
Checking module SCFIFO_128x64_withCount...
Checking module $paramod$8d2f40b5bfc852a977c3b0728448bbebec7b974e\CRC_Generator...
Checking module $paramod$f90f7f35014330355de1bee13c60dacacda4a49f\EncWidthConverter32to16...
Checking module $paramod\BCHEncoderX\Multi=s32'00000000000000000000000000000010...
Checking module $paramod$2afc22e70c8405d81924059eb6ec4c07d319eaf3\EncWidthConverter16to32...
Checking module $paramod$1409daf4c323c2c76234392c03a60eda0c990eb1\BCHDecoderCommandReception...
Checking module $paramod$1409daf4c323c2c76234392c03a60eda0c990eb1\BCHDecoderInputControl...
Checking module $paramod$3c3b88ab9b22fd823e3bb97acbe117a0445f327a\BCHDecoderX...
Checking module $paramod$3c019e5eae372aedc253186e32a06f04a017c265\BCHDecoderOutputControl...
Checking module SCFIFO_64x64_withCount...
Checking module AutoFIFOPopControl...
Checking module $paramod$1409daf4c323c2c76234392c03a60eda0c990eb1\BCHEncoderCommandChannel...
Checking module $paramod$cf523932ec0edcc0b4a0b0dd6424d5e80bb0be62\BCHEncoderDataChannel...
Checking module $paramod$1409daf4c323c2c76234392c03a60eda0c990eb1\BCHEncoderControl...
Checking module $paramod$1cb8d7373fe59e4712e0ad0b849b7c2e99be5ad5\BCHDecoderControl...
Found and reported 0 problems.
